07-06 01:01:15.553  1116  1116 D NexusLauncherModelDelegate: notifySmartspaceEvent: SmartspaceTargetEvent{mSmartspaceTarget=null, mSmartspaceActionId='null', mEventType=6}
07-06 01:01:15.559  1116  1116 D BaseDepthController: setSurface:
07-06 01:01:15.559  1116  1116 D BaseDepthController: 	mWaitingOnSurfaceValidity: false
07-06 01:01:15.559  1116  1116 D BaseDepthController: 	mBaseSurface: Surface(name=com.google.android.apps.nexuslauncher/com.google.android.apps.nexuslauncher.NexusLauncherActivity)/@0x228a8bb
07-06 01:01:15.565   691   805 W InputDispatcher: channel '7da75fe com.pat33.SmartExpenseTracker/com.pat33.SmartExpenseTracker.MainActivity' ~ Consumer closed input channel or an error occurred.  events=0x9
07-06 01:01:15.566   691   805 E InputDispatcher: channel '7da75fe com.pat33.SmartExpenseTracker/com.pat33.SmartExpenseTracker.MainActivity' ~ Channel is unrecoverably broken and will be disposed!
07-06 01:01:15.566   691   805 I WindowManager: WINDOW DIED Window{7da75fe u0 com.pat33.SmartExpenseTracker/com.pat33.SmartExpenseTracker.MainActivity}
07-06 01:01:15.568  1116  1116 I NotificationListener: Handling notification state refresh for com.google.android.packageinstaller#0
07-06 01:01:15.568  1116  1116 I NotificationListener: Handling notification state refresh for com.google.android.packageinstaller#0
07-06 01:01:15.568  1116  1116 I NotificationListener: Handling notification state refresh for com.android.vending#0
07-06 01:01:15.568  1116  1116 I NotificationListener: Handling notification state refresh for com.android.systemui#0
07-06 01:01:15.568  1116  1116 I NotificationListener: Handling notification state refresh for android#0
07-06 01:01:15.568  1116  1172 D QuickstepModelDelegate: notifyAppTargetEvent action=1 launchLocation=workspace/1/[-1,-1]/[1,1]
07-06 01:01:15.570   462   462 I Zygote  : Process 6450 exited due to signal 6 (Aborted)
07-06 01:01:15.571   691  1849 I ImeTracker: com.pat33.SmartExpenseTracker:14345cfd: onRequestHide at ORIGIN_SERVER reason HIDE_REMOVE_CLIENT fromUser false
07-06 01:01:15.571   691  1849 I ImeTracker: com.pat33.SmartExpenseTracker:14345cfd: onCancelled at PHASE_SERVER_SHOULD_HIDE
07-06 01:01:15.573   691  1844 I ActivityManager: Process com.pat33.SmartExpenseTracker (pid 6450) has died: prcp CRE 
07-06 01:01:15.574   691   727 I libprocessgroup: Removed cgroup /sys/fs/cgroup/apps/uid_10217/pid_6450
07-06 01:01:15.577   956  1317 V WindowManagerShell: onTransitionReady(transaction=2967822406239)
07-06 01:01:15.578   956   997 V WindowManagerShell: onTransitionReady (#42) android.os.BinderProxy@955fb46: {id=42 t=CLOSE f=0x10 trk=0 r=[0@Point(0, 0)] c=[
07-06 01:01:15.578   956   997 V WindowManagerShell:         {m=TO_FRONT f=SHOW_WALLPAPER|MOVE_TO_TOP leash=Surface(name=Task=1)/@0x684385d sb=Rect(0, 0 - 1280, 2856) eb=Rect(0, 0 - 1280, 2856) epz=Point(1280, 2856) d=0 taskParent=-1},
07-06 01:01:15.578   956   997 V WindowManagerShell:         {m=CLOSE f=NONE leash=Surface(name=Task=59)/@0x46685d2 sb=Rect(0, 0 - 1280, 2856) eb=Rect(0, 0 - 1280, 2856) epz=Point(1280, 2856) d=0 taskParent=-1},
07-06 01:01:15.578   956   997 V WindowManagerShell:         {m=TO_FRONT f=IS_WALLPAPER leash=Surface(name=WallpaperWindowToken{b98646d showWhenLocked=false})/@0xed926a3 sb=Rect(0, 0 - 1280, 2856) eb=Rect(0, 0 - 1280, 2856) epz=Point(1280, 2856) d=0}
07-06 01:01:15.578   956   997 V WindowManagerShell:     ]}
07-06 01:01:15.578   956   997 V WindowManagerShell: Playing animation for (#42) android.os.BinderProxy@955fb46@0
07-06 01:01:15.578   956   997 V ShellRecents: RecentsTransitionHandler.startAnimation: no controller found
07-06 01:01:15.579   956   997 V WindowManagerShell: Transition doesn't have explicit remote, search filters for match for {id=42 t=CLOSE f=0x10 trk=0 r=[0@Point(0, 0)] c=[{m=TO_FRONT f=SHOW_WALLPAPER|MOVE_TO_TOP leash=Surface(name=Task=1)/@0x684385d sb=Rect(0, 0 - 1280, 2856) eb=Rect(0, 0 - 1280, 2856) epz=Point(1280, 2856) d=0 taskParent=-1},{m=CLOSE f=NONE leash=Surface(name=Task=59)/@0x46685d2 sb=Rect(0, 0 - 1280, 2856) eb=Rect(0, 0 - 1280, 2856) epz=Point(1280, 2856) d=0 taskParent=-1},{m=TO_FRONT f=IS_WALLPAPER leash=Surface(name=WallpaperWindowToken{b98646d showWhenLocked=false})/@0xed926a3 sb=Rect(0, 0 - 1280, 2856) eb=Rect(0, 0 - 1280, 2856) epz=Point(1280, 2856) d=0}]}
07-06 01:01:15.579   956   997 V WindowManagerShell:  Checking filter Pair{{types=[] flags=0x0] notFlags=0x0 checks=[{atype=undefined independent=true modes=[CLOSE,TO_BACK] flags=IN_TASK_WITH_EMBEDDED_ACTIVITY mustBeTask=false order=ANY topActivity=null launchCookie=null taskFragmentToken=android.os.BinderProxy@75077b1 windowingMode=undefined}]} RemoteTransition { remoteTransition = android.window.IRemoteTransition$Stub$Proxy@5a11496, appThread = android.app.IApplicationThread$Stub$Proxy@bdfa817, debugName = overlayBackTransition }}
07-06 01:01:15.579   956   997 V WindowManagerShell:  Checking filter Pair{{types=[] flags=0x0] notFlags=0x0 checks=[{atype=dream independent=true modes=[OPEN,TO_FRONT] flags=NONE mustBeTask=false order=ANY topActivity=null launchCookie=null windowingMode=undefined},{atype=home independent=true modes=[CLOSE,TO_BACK] flags=NONE mustBeTask=false order=ANY topActivity=null launchCookie=null windowingMode=undefined}]} RemoteTransition { remoteTransition = android.window.IRemoteTransition$Stub$Proxy@c3bc404, appThread = android.app.IApplicationThread$Stub$Proxy@a43dded, debugName = LauncherToDream }}
07-06 01:01:15.579   956   997 V WindowManagerShell:  Checking filter Pair{{types=[] flags=0x0] notFlags=0x100 checks=[{atype=home independent=true modes=[OPEN,TO_FRONT] flags=NONE mustBeTask=false order=TOP topActivity=ComponentInfo{com.google.android.apps.nexuslauncher/com.google.android.apps.nexuslauncher.NexusLauncherActivity} launchCookie=null windowingMode=undefined},{atype=standard independent=true modes=[CLOSE,TO_BACK] flags=NONE mustBeTask=false order=ANY topActivity=null launchCookie=null windowingMode=undefined},{NOT atype=undefined independent=true modes=[] flags=NONE mustBeTask=true order=ANY topActivity=null launchCookie=null customAnim=true windowingMode=undefined}]} RemoteTransition { remoteTransition = android.window.IRemoteTransition$Stub$Proxy@ed1e422, appThread = android.app.IApplicationThread$Stub$Proxy@72caeb3, debugName = QuickstepLaunchHome }}
07-06 01:01:15.579  1612  1921 I AiAiEcho: Predicting[0]:  [CONTEXT sampling_count=5 ]
07-06 01:01:15.579   956   997 D RemoteTransitionHandler: Found filterPair{{types=[] flags=0x0] notFlags=0x100 checks=[{atype=home independent=true modes=[OPEN,TO_FRONT] flags=NONE mustBeTask=false order=TOP topActivity=ComponentInfo{com.google.android.apps.nexuslauncher/com.google.android.apps.nexuslauncher.NexusLauncherActivity} launchCookie=null windowingMode=undefined},{atype=standard independent=true modes=[CLOSE,TO_BACK] flags=NONE mustBeTask=false order=ANY topActivity=null launchCookie=null windowingMode=undefined},{NOT atype=undefined independent=true modes=[] flags=NONE mustBeTask=true order=ANY topActivity=null launchCookie=null customAnim=true windowingMode=undefined}]} RemoteTransition { remoteTransition = android.window.IRemoteTransition$Stub$Proxy@ed1e422, appThread = android.app.IApplicationThread$Stub$Proxy@72caeb3, debugName = QuickstepLaunchHome }}
07-06 01:01:15.579  1612  1921 I AiAiEcho: EchoTargets: 
07-06 01:01:15.579  1612  1921 I AiAiEcho: Filtered by AiAi flag check: 
07-06 01:01:15.579  1612  1921 I AiAiEcho: [CONTEXT ratelimit_period="10 SECONDS" ]
07-06 01:01:15.579   956   997 V WindowManagerShell:  Delegate animation for (#42) to RemoteTransition { remoteTransition = android.window.IRemoteTransition$Stub$Proxy@ed1e422, appThread = android.app.IApplicationThread$Stub$Proxy@72caeb3, debugName = QuickstepLaunchHome }
07-06 01:01:15.579  1612  1921 I AiAiEcho: #remoteViewsTwiddler: feature disabled.
07-06 01:01:15.579   691   792 I BootReceiver: Copying /data/tombstones/tombstone_10 to DropBox (SYSTEM_TOMBSTONE)
07-06 01:01:15.580   691   792 I DropBoxManagerService: add tag=SYSTEM_TOMBSTONE isTagEnabled=true flags=0x6
07-06 01:01:15.580   691   769 I WindowManager: WIN DEATH: Window{7da75fe u0 com.pat33.SmartExpenseTracker/com.pat33.SmartExpenseTracker.MainActivity EXITING}
07-06 01:01:15.580  1612  1921 I AiAiEcho: #postPredictionTargets: Sending updates to UISurface home with targets# 0 (types=[])
07-06 01:01:15.580  1116  1116 D SsBaseTemplateCard: No text view can be set up
07-06 01:01:15.581  1116  1116 D SsBaseTemplateCard: Passed-in item info is null
07-06 01:01:15.581  1116  1116 D SsBaseTemplateCard: Passed-in item info is null
07-06 01:01:15.581  1116  1116 D SsBaseTemplateCard: Passed-in item info is null
07-06 01:01:15.581  1116  1116 I SsBaseTemplateCard: Secondary card pane is null
07-06 01:01:15.583  1116  1116 D StateManager: createAtomicAnimation - fromState: Background, toState: Normal, partial trace:
07-06 01:01:15.583  1116  1116 D StateManager: 	at com.android.quickstep.util.ScalingWorkspaceRevealAnim.<init>(go/retraceme ee19ec8c009da7af1d458e7d1683a6f5bf3b93b44f6674aa108e1a3e78584fe0:39)
07-06 01:01:15.583  1116  1116 D StateManager: 	at com.android.launcher3.QuickstepTransitionManager.createWallpaperOpenAnimations(go/retraceme ee19ec8c009da7af1d458e7d1683a6f5bf3b93b44f6674aa108e1a3e78584fe0:168)
07-06 01:01:15.583  1116  1116 D StateManager: 	at com.android.launcher3.QuickstepTransitionManager$WallpaperOpenLauncherAnimationRunner.onAnimationStart(go/retraceme ee19ec8c009da7af1d458e7d1683a6f5bf3b93b44f6674aa108e1a3e78584fe0:17)
07-06 01:01:15.583   956   997 V WindowManagerShell:  animated by com.android.wm.shell.transition.RemoteTransitionHandler@c629068
07-06 01:01:15.584  1116  1116 D b/311077782: LauncherAnimationRunner.setAnimation
07-06 01:01:15.587   691   719 V WindowManager: Unknown focus tokens, dropping reportFocusChanged
07-06 01:01:15.588   691   853 D InetDiagMessage: Destroyed 0 sockets, proto=IPPROTO_TCP, family=AF_INET, states=14
07-06 01:01:15.589   691   853 D InetDiagMessage: Destroyed 0 sockets, proto=IPPROTO_TCP, family=AF_INET6, states=14
07-06 01:01:15.589   691   853 D InetDiagMessage: Destroyed live tcp sockets for uids={10217} in 4ms
07-06 01:01:15.590   691   853 D InetDiagMessage: Destroyed 0 sockets, proto=IPPROTO_TCP, family=AF_INET, states=14
07-06 01:01:15.590   691   853 D InetDiagMessage: Destroyed 0 sockets, proto=IPPROTO_TCP, family=AF_INET6, states=14
07-06 01:01:15.590   691   853 D InetDiagMessage: Destroyed live tcp sockets for uids={20217} in 1ms
07-06 01:01:15.594   691   815 I ImeTracker: com.google.android.apps.nexuslauncher:fad6b85a: onRequestHide at ORIGIN_SERVER reason HIDE_UNSPECIFIED_WINDOW fromUser false
07-06 01:01:15.595  1116  1116 D InsetsController: hide(ime(), fromIme=false)
07-06 01:01:15.595  1116  1116 I ImeTracker: com.google.android.apps.nexuslauncher:fad6b85a: onCancelled at PHASE_CLIENT_ALREADY_HIDDEN
07-06 01:01:15.595   691   716 V WindowManager: Sent Transition (#42) createdAt=07-06 01:01:15.541 via request=TransitionRequestInfo { type = CLOSE, triggerTask = TaskInfo{userId=0 taskId=59 effectiveUid=10217 displayId=0 isRunning=true baseIntent=Intent { act=android.intent.action.MAIN cat=[android.intent.category.LAUNCHER] flg=0x10200000 cmp=com.pat33.SmartExpenseTracker/.MainActivity } baseActivity=ComponentInfo{com.pat33.SmartExpenseTracker/com.pat33.SmartExpenseTracker.MainActivity} topActivity=ComponentInfo{com.pat33.SmartExpenseTracker/com.pat33.SmartExpenseTracker.MainActivity} origActivity=null realActivity=ComponentInfo{com.pat33.SmartExpenseTracker/com.pat33.SmartExpenseTracker.MainActivity} numActivities=1 lastActiveTime=1755099 supportsMultiWindow=true resizeMode=1 isResizeable=true minWidth=-1 minHeight=-1 defaultMinSize=220 token=WCT{RemoteToken{bc63c9b Task{3466e87 #59 type=standard A=10217:com.pat33.SmartExpenseTracker}}} topActivityType=1 pictureInPictureParams=null shouldDockBigOverlays=false launchIntoPipHostTaskId=-1 lastParentTaskIdBeforePip=-1 displayCutoutSafeInsets=Rect(0, 0 - 0, 0) topActivityInfo=ActivityInfo{4c13838 com.pat33.SmartExpenseTracker.MainActivity} launchCookies=[android.os.BinderProxy@8b63011] positionInParent=Point(0, 0) parentTaskId=-1 isFocused=true isVisible=true isVisibleRequested=true isTopActivityNoDisplay=false isSleeping=false locusId=null displayAreaFeatureId=1 isTopActivityTransparent=false isActivityStackTransparent=false lastNonFullscreenBounds=Rect(329, 830 - 952, 2110) capturedLink=null capturedLinkTimestamp=0 requestedVisibleTypes=-9 topActivityRequestOpenInBrowserEducationTimestamp=0 appCompatTaskInfo=AppCompatTaskInfo { topActivityInSizeCompat=false eligibleForLetterboxEducation= false isLetterboxEducationEnabled= true isLetterboxDoubleTapEnabled= false eligibleForUserAspectRatioButton= false topActivityBoundsLetterboxed= false isFromLetterboxDoubleTap= false topActivityLetterboxVerticalPosition= -1 topActivityLetterboxHorizontalPosition= -1 topActivityLetterboxWidth=-1 topActivityLetterboxHeight=-1 topActivityAppBounds=Rect(0, 0 - 1280, 2856) isUserFullscreenOverrideEnabled=false isSystemFullscreenOverrideEnabled=false hasMinAspectRatioOverride=false topActivityLetterboxBounds=null cameraCompatTaskInfo=CameraCompatTaskInfo { freeformCameraCompatMode=inactive}} topActivityMainWindowFrame=null}, pipChange = null, remoteTransition = null, displayChange = null, flags = 16, debugId = 42 }
07-06 01:01:15.596   691   716 V WindowManager:     startWCT=WindowContainerTransaction { changes= {} hops= [] errorCallbackToken=null taskFragmentOrganizer=null }
07-06 01:01:15.596   691   716 V WindowManager:     info={id=42 t=CLOSE f=0x10 trk=0 r=[0@Point(0, 0)] c=[
07-06 01:01:15.596   691   716 V WindowManager:         {WCT{RemoteToken{1041690 Task{8740a57 #1 type=home}}} m=TO_FRONT f=SHOW_WALLPAPER|MOVE_TO_TOP leash=Surface(name=Task=1)/@0x7f5c845 sb=Rect(0, 0 - 1280, 2856) eb=Rect(0, 0 - 1280, 2856) epz=Point(1280, 2856) d=0 taskParent=-1},
07-06 01:01:15.596   691   716 V WindowManager:         {WCT{RemoteToken{bc63c9b Task{3466e87 #59 type=standard A=10217:com.pat33.SmartExpenseTracker}}} m=CLOSE f=NONE leash=Surface(name=Task=59)/@0xde52f95 sb=Rect(0, 0 - 1280, 2856) eb=Rect(0, 0 - 1280, 2856) epz=Point(1280, 2856) d=0 taskParent=-1},
07-06 01:01:15.596   691   716 V WindowManager:         {m=TO_FRONT f=IS_WALLPAPER leash=Surface(name=WallpaperWindowToken{b98646d showWhenLocked=false})/@0x83044bf sb=Rect(0, 0 - 1280, 2856) eb=Rect(0, 0 - 1280, 2856) epz=Point(1280, 2856) d=0}
07-06 01:01:15.596   691   716 V WindowManager:     ]}
07-06 01:01:15.596  1116  1172 W HWUI    : Image decoding logging dropped!
07-06 01:01:15.597  1453  1453 I GoogleInputMethodService: GoogleInputMethodService.onFinishInput():2043 
07-06 01:01:15.598   691   719 W ActivityManager: setHasOverlayUi called on unknown pid: 6450
07-06 01:01:15.598  1453  1453 I Module  : DeviceLockedStatusModuleProvider$Module.updateDeviceLockedStatus():100 repeatCheckTimes = 0, locked = false
07-06 01:01:15.598  1453  1453 I GoogleInputMethodService: GoogleInputMethodService.onStartInput():1293 onStartInput(EditorInfo{EditorInfo{packageName=com.google.android.apps.nexuslauncher, inputType=0, inputTypeString=NULL, enableLearning=false, autoCorrection=false, autoComplete=false, imeOptions=0, privateImeOptions=null, actionName=UNSPECIFIED, actionLabel=null, initialSelStart=-1, initialSelEnd=-1, initialCapsMode=0, label=null, fieldId=0, fieldName=null, extras=null, hintText=null, hintLocales=[]}}, false)
07-06 01:01:15.599  1453  1453 I Module  : DeviceLockedStatusModuleProvider$Module.updateDeviceLockedStatus():100 repeatCheckTimes = 1, locked = false
07-06 01:01:15.600   691   912 D BackgroundInstallControlService: Package event received: 0
07-06 01:01:15.600   691  1844 I ImeTracker: system_server:d0fe08f4: onRequestHide at ORIGIN_SERVER reason IME_REQUESTED_CHANGED_LISTENER fromUser false
07-06 01:01:15.601   691  2466 W PackageConfigPersister: App-specific configuration not found for packageName: com.google.android.apps.nexuslauncher and userId: 0
07-06 01:01:15.602   691   719 I ImeTracker: system_server:d0fe08f4: onCancelled at PHASE_SERVER_SHOULD_HIDE
07-06 01:01:15.603   535   535 I BpBinder: onLastStrongRef automatically unlinking death recipients: 
07-06 01:01:15.648  1116  1135 W System  : A resource failed to call release. 
07-06 01:01:15.648  1116  1135 W System  : A resource failed to call release. 
07-06 01:01:15.648  1116  1135 W System  : A resource failed to call release. 
07-06 01:01:15.648  1116  1135 W System  : A resource failed to call release. 
07-06 01:01:15.649  1116  1135 W System  : A resource failed to call release. 
07-06 01:01:15.649  1116  1135 W System  : A resource failed to call release. 
07-06 01:01:15.649  1116  1135 W System  : A resource failed to call release. 
07-06 01:01:16.459  1114  1295 D SatelliteController: iisInCarrierRoamingNbIotNtn: satellite is disabled
07-06 01:01:16.587  1116  1116 D ScalingWorkspaceRevealAnim: alpha of workspace at the end of animation: 1.0
07-06 01:01:16.588   956   997 V WindowManagerShell: Transition animation finished (aborted=false), notifying core (#42) android.os.BinderProxy@955fb46@0
07-06 01:01:16.590   691   716 V WindowManager: Finish Transition (#42): created at 07-06 01:01:15.541 collect-started=0.088ms request-sent=0.192ms started=3.699ms ready=7.585ms sent=31.919ms commit=17.883ms finished=1048.246ms
07-06 01:01:16.594   691  1850 E IPCThreadState: Binder transaction failure. id: 574620, BR_*: 29189, error: -22 (Invalid argument)
07-06 01:01:16.594   691  1850 W ActivityManager: pid 691 system sent binder code 7 with flags 1 to frozen apps and got error -32
07-06 01:01:16.594   691  1850 W WindowManager: Exception thrown during dispatchAppVisibility Window{7da75fe u0 com.pat33.SmartExpenseTracker/com.pat33.SmartExpenseTracker.MainActivity EXITING}
07-06 01:01:16.594   691  1850 W WindowManager: android.os.DeadObjectException
07-06 01:01:16.594   691  1850 W WindowManager: 	at android.os.BinderProxy.transactNative(Native Method)
07-06 01:01:16.594   691  1850 W WindowManager: 	at android.os.BinderProxy.transact(BinderProxy.java:592)
07-06 01:01:16.594   691  1850 W WindowManager: 	at android.view.IWindow$Stub$Proxy.dispatchAppVisibility(IWindow.java:557)
07-06 01:01:16.594   691  1850 W WindowManager: 	at com.android.server.wm.WindowState.sendAppVisibilityToClients(WindowState.java:3151)
07-06 01:01:16.594   691  1850 W WindowManager: 	at com.android.server.wm.WindowContainer.sendAppVisibilityToClients(WindowContainer.java:1311)
07-06 01:01:16.594   691  1850 W WindowManager: 	at com.android.server.wm.WindowToken.setClientVisible(WindowToken.java:389)
07-06 01:01:16.594   691  1850 W WindowManager: 	at com.android.server.wm.ActivityRecord.setClientVisible(ActivityRecord.java:6650)
07-06 01:01:16.594   691  1850 W WindowManager: 	at com.android.server.wm.ActivityRecord.commitVisibility(ActivityRecord.java:5561)
07-06 01:01:16.594   691  1850 W WindowManager: 	at com.android.server.wm.Transition.finishTransition(Transition.java:1391)
07-06 01:01:16.594   691  1850 W WindowManager: 	at com.android.server.wm.TransitionController.finishTransition(TransitionController.java:1029)
07-06 01:01:16.594   691  1850 W WindowManager: 	at com.android.server.wm.WindowOrganizerController.finishTransition(WindowOrganizerController.java:496)
07-06 01:01:16.594   691  1850 W WindowManager: 	at android.window.IWindowOrganizerController$Stub.onTransact(IWindowOrganizerController.java:261)
07-06 01:01:16.594   691  1850 W WindowManager: 	at com.android.server.wm.WindowOrganizerController.onTransact(WindowOrganizerController.java:223)
07-06 01:01:16.594   691  1850 W WindowManager: 	at android.os.Binder.execTransactInternal(Binder.java:1426)
07-06 01:01:16.594   691  1850 W WindowManager: 	at android.os.Binder.execTransact(Binder.java:1365)
07-06 01:01:16.595   691  1850 W Process : Unable to open /proc/6450/status
07-06 01:01:16.600   956   997 V WindowManagerShell: Track 0 became idle
07-06 01:01:16.600   956   997 V WindowManagerShell: All active transition animations finished
07-06 01:01:16.600  1116  1116 D RecentsView: onTaskRemoved: 59, not handling task stack changes
07-06 01:01:16.601  1116  1116 D RecentsView: onTaskRemoved: 59, not handling task stack changes
07-06 01:01:16.604   691  4877 I EGL_emulation: Opening libGLESv1_CM_emulation.so
07-06 01:01:16.606   691  4877 I EGL_emulation: Opening libGLESv2_emulation.so
07-06 01:01:16.617   691  4877 W HWUI    : Failed to choose config with EGL_SWAP_BEHAVIOR_PRESERVED, retrying without...
07-06 01:01:16.617   691  4877 W HWUI    : Failed to initialize 101010-2 format, error = EGL_SUCCESS
07-06 01:01:16.636   535   535 E BpTransactionCompletedListener: Failed to transact (-32)
07-06 01:01:16.650  1116  1116 W FrameTracker: Missed App frame:UNKNOWN: 3, 107424, 19673042, CUJ=J<LAUNCHER_APP_CLOSE_TO_HOME>
07-06 01:01:16.650  1116  1116 W FrameTracker: Missed SF frame:UNKNOWN: 3, 107424, 19673042, CUJ=J<LAUNCHER_APP_CLOSE_TO_HOME>
07-06 01:01:16.650  1116  1116 W FrameTracker: Missed SF frame:JANK_COMPOSER, 107439, 29497036, CUJ=J<LAUNCHER_APP_CLOSE_TO_HOME>
07-06 01:01:16.650  1116  1116 W FrameTracker: Missed SF frame:JANK_COMPOSER, 107454, 30790945, CUJ=J<LAUNCHER_APP_CLOSE_TO_HOME>
07-06 01:01:16.650  1116  1116 W FrameTracker: Missed SF frame:JANK_COMPOSER, 107469, 24853028, CUJ=J<LAUNCHER_APP_CLOSE_TO_HOME>
07-06 01:01:16.650  1116  1116 W FrameTracker: Missed SF frame:JANK_COMPOSER, 107484, 25609838, CUJ=J<LAUNCHER_APP_CLOSE_TO_HOME>
07-06 01:01:16.650  1116  1116 W FrameTracker: Missed SF frame:JANK_COMPOSER, 107499, 25178299, CUJ=J<LAUNCHER_APP_CLOSE_TO_HOME>
07-06 01:01:16.650  1116  1116 W FrameTracker: Missed SF frame:JANK_COMPOSER, 107514, 25680570, CUJ=J<LAUNCHER_APP_CLOSE_TO_HOME>
07-06 01:01:16.650  1116  1116 W FrameTracker: Missed SF frame:JANK_COMPOSER, 107529, 24761030, CUJ=J<LAUNCHER_APP_CLOSE_TO_HOME>
07-06 01:01:16.650  1116  1116 W FrameTracker: Missed SF frame:JANK_COMPOSER, 107544, 25215166, CUJ=J<LAUNCHER_APP_CLOSE_TO_HOME>
07-06 01:01:16.651  1116  1116 W FrameTracker: Missed SF frame:JANK_COMPOSER, 107559, 25038938, CUJ=J<LAUNCHER_APP_CLOSE_TO_HOME>
07-06 01:01:16.651  1116  1116 W FrameTracker: Missed SF frame:JANK_COMPOSER, 107567, 25354159, CUJ=J<LAUNCHER_APP_CLOSE_TO_HOME>
07-06 01:01:16.651  1116  1116 W FrameTracker: Missed SF frame:JANK_COMPOSER, 107575, 25480464, CUJ=J<LAUNCHER_APP_CLOSE_TO_HOME>
07-06 01:01:16.651  1116  1116 W FrameTracker: Missed SF frame:JANK_COMPOSER, 107583, 25191696, CUJ=J<LAUNCHER_APP_CLOSE_TO_HOME>
07-06 01:01:16.651  1116  1116 W FrameTracker: Missed SF frame:JANK_COMPOSER, 107591, 25575393, CUJ=J<LAUNCHER_APP_CLOSE_TO_HOME>
07-06 01:01:16.651  1116  1116 W FrameTracker: Missed SF frame:JANK_COMPOSER, 107599, 25059573, CUJ=J<LAUNCHER_APP_CLOSE_TO_HOME>
07-06 01:01:16.651  1116  1116 W FrameTracker: Missed SF frame:JANK_COMPOSER, 107607, 25480433, CUJ=J<LAUNCHER_APP_CLOSE_TO_HOME>
07-06 01:01:16.651  1116  1116 W FrameTracker: Missed SF frame:JANK_COMPOSER, 107615, 24831913, CUJ=J<LAUNCHER_APP_CLOSE_TO_HOME>
07-06 01:01:16.651  1116  1116 W FrameTracker: Missed SF frame:JANK_COMPOSER, 107623, 24663604, CUJ=J<LAUNCHER_APP_CLOSE_TO_HOME>
07-06 01:01:16.651  1116  1116 W FrameTracker: Missed SF frame:JANK_COMPOSER, 107631, 24962835, CUJ=J<LAUNCHER_APP_CLOSE_TO_HOME>
07-06 01:01:16.651  1116  1116 W FrameTracker: Missed SF frame:JANK_COMPOSER, 107639, 25287981, CUJ=J<LAUNCHER_APP_CLOSE_TO_HOME>
07-06 01:01:16.651  1116  1116 W FrameTracker: Missed SF frame:JANK_COMPOSER, 107647, 24693321, CUJ=J<LAUNCHER_APP_CLOSE_TO_HOME>
07-06 01:01:16.651  1116  1116 W FrameTracker: Missed SF frame:JANK_COMPOSER, 107655, 24838026, CUJ=J<LAUNCHER_APP_CLOSE_TO_HOME>
07-06 01:01:16.651  1116  1116 W FrameTracker: Missed SF frame:JANK_COMPOSER, 107663, 25764155, CUJ=J<LAUNCHER_APP_CLOSE_TO_HOME>
07-06 01:01:16.651  1116  1116 W FrameTracker: Missed SF frame:JANK_COMPOSER, 107671, 25396891, CUJ=J<LAUNCHER_APP_CLOSE_TO_HOME>
07-06 01:01:16.651  1116  1116 W FrameTracker: Missed SF frame:JANK_COMPOSER, 107686, 25660842, CUJ=J<LAUNCHER_APP_CLOSE_TO_HOME>
07-06 01:01:16.651  1116  1116 W FrameTracker: Missed SF frame:JANK_COMPOSER, 107694, 25132751, CUJ=J<LAUNCHER_APP_CLOSE_TO_HOME>
07-06 01:01:16.651  1116  1116 W FrameTracker: Missed SF frame:JANK_COMPOSER, 107702, 24736083, CUJ=J<LAUNCHER_APP_CLOSE_TO_HOME>
07-06 01:01:16.651  1116  1116 W FrameTracker: Missed SF frame:JANK_COMPOSER, 107710, 25767256, CUJ=J<LAUNCHER_APP_CLOSE_TO_HOME>
07-06 01:01:16.651  1116  1116 W FrameTracker: Missed SF frame:JANK_COMPOSER, 107718, 24832698, CUJ=J<LAUNCHER_APP_CLOSE_TO_HOME>
07-06 01:01:16.651  1116  1116 W FrameTracker: Missed SF frame:JANK_COMPOSER, 107726, 24967551, CUJ=J<LAUNCHER_APP_CLOSE_TO_HOME>
07-06 01:01:16.651  1116  1116 W FrameTracker: Missed SF frame:JANK_COMPOSER, 107734, 24701755, CUJ=J<LAUNCHER_APP_CLOSE_TO_HOME>
07-06 01:01:16.651  1116  1116 W FrameTracker: Missed SF frame:JANK_COMPOSER, 107742, 25155475, CUJ=J<LAUNCHER_APP_CLOSE_TO_HOME>
07-06 01:01:16.651  1116  1116 W FrameTracker: Missed SF frame:JANK_COMPOSER, 107750, 24829994, CUJ=J<LAUNCHER_APP_CLOSE_TO_HOME>
07-06 01:01:16.651  1116  1116 W FrameTracker: Missed SF frame:JANK_COMPOSER, 107758, 25097374, CUJ=J<LAUNCHER_APP_CLOSE_TO_HOME>
07-06 01:01:16.651  1116  1116 W FrameTracker: Missed SF frame:JANK_COMPOSER, 107766, 24902698, CUJ=J<LAUNCHER_APP_CLOSE_TO_HOME>
07-06 01:01:16.651  1116  1116 W FrameTracker: Missed SF frame:JANK_COMPOSER, 107774, 25316165, CUJ=J<LAUNCHER_APP_CLOSE_TO_HOME>
07-06 01:01:16.651  1116  1116 W FrameTracker: Missed SF frame:JANK_COMPOSER, 107782, 24628223, CUJ=J<LAUNCHER_APP_CLOSE_TO_HOME>
07-06 01:01:16.651  1116  1116 W FrameTracker: Missed SF frame:JANK_COMPOSER, 107790, 25293428, CUJ=J<LAUNCHER_APP_CLOSE_TO_HOME>
07-06 01:01:16.651  1116  1116 W FrameTracker: Missed SF frame:JANK_COMPOSER, 107798, 25333086, CUJ=J<LAUNCHER_APP_CLOSE_TO_HOME>
07-06 01:01:16.651  1116  1116 W FrameTracker: Missed SF frame:JANK_COMPOSER, 107806, 24776670, CUJ=J<LAUNCHER_APP_CLOSE_TO_HOME>
07-06 01:01:16.651  1116  1116 W FrameTracker: Missed SF frame:JANK_COMPOSER, 107814, 25786961, CUJ=J<LAUNCHER_APP_CLOSE_TO_HOME>
07-06 01:01:16.651  1116  1116 W FrameTracker: Missed SF frame:JANK_COMPOSER, 107822, 24605400, CUJ=J<LAUNCHER_APP_CLOSE_TO_HOME>
07-06 01:01:16.651  1116  1116 W FrameTracker: Missed SF frame:JANK_COMPOSER, 107830, 26100283, CUJ=J<LAUNCHER_APP_CLOSE_TO_HOME>
07-06 01:01:16.651  1116  1116 W FrameTracker: Missed SF frame:JANK_COMPOSER, 107838, 25187200, CUJ=J<LAUNCHER_APP_CLOSE_TO_HOME>
07-06 01:01:16.651  1116  1116 W FrameTracker: Missed SF frame:JANK_COMPOSER, 107846, 24723562, CUJ=J<LAUNCHER_APP_CLOSE_TO_HOME>
07-06 01:01:16.651  1116  1116 W FrameTracker: Missed SF frame:JANK_COMPOSER, 107854, 25315139, CUJ=J<LAUNCHER_APP_CLOSE_TO_HOME>
07-06 01:01:16.651  1116  1116 W FrameTracker: Missed SF frame:JANK_COMPOSER, 107862, 24984342, CUJ=J<LAUNCHER_APP_CLOSE_TO_HOME>
07-06 01:01:16.651  1116  1116 W FrameTracker: Missed SF frame:JANK_COMPOSER, 107870, 26004879, CUJ=J<LAUNCHER_APP_CLOSE_TO_HOME>
07-06 01:01:16.651  1116  1116 W FrameTracker: Missed SF frame:JANK_COMPOSER, 107878, 25696596, CUJ=J<LAUNCHER_APP_CLOSE_TO_HOME>
07-06 01:01:16.651  1116  1116 W FrameTracker: Missed SF frame:JANK_COMPOSER, 107886, 26334555, CUJ=J<LAUNCHER_APP_CLOSE_TO_HOME>
07-06 01:01:17.537   470  4808 D android.hardware.audio@7.1-impl.ranchu: threadLoop: entering standby, frames: 5404096
07-06 01:01:17.537   470  4808 D android.hardware.audio@7.1-impl.ranchu: ~TinyalsaSink: stopping PCM stream
07-06 01:01:17.537   470  4808 D android.hardware.audio@7.1-impl.ranchu: ~TinyalsaSink: joining consumeThread
07-06 01:01:17.537   470  6449 W android.hardware.audio@7.1-impl.ranchu: pcmWrite:259 pcm_writei failed with 'cannot read/write stream data: File descriptor in bad state' (-1)
07-06 01:01:17.538   470  6449 E android.hardware.audio@7.1-impl.ranchu: pcmWrite:260 failure: -1
07-06 01:01:17.538   470  6449 D android.hardware.audio@7.1-impl.ranchu: consumeThread: exiting
07-06 01:01:18.510   691  1741 E TaskPersister: File error accessing recents directory (directory doesn't exist?).
07-06 01:01:26.462  1114  1295 D SatelliteController: iisInCarrierRoamingNbIotNtn: satellite is disabled
