--------- beginning of main
07-06 01:01:06.456  1114  1295 D SatelliteController: iisInCarrierRoamingNbIotNtn: satellite is disabled
07-06 01:01:13.597   691   923 D androidtc: Initializing SystemTextClassifier, type = System
--------- beginning of system
07-06 01:01:13.599   691   923 E ClipboardService: Denying clipboard access to com.android.chrome, application is not in focus nor is it a system service for user 0
07-06 01:01:13.599  1612  1612 I AiAiTextClassifier: onCreateTextClassificationSession = TextClassificationSessionId {d745a78b-3ff1-4882-8c85-697dd91a408e}
07-06 01:01:13.602  1612  2023 I AiAiTranslate: C2T - not in a conversation
07-06 01:01:13.602   956   956 I ClipboardListener: Clipboard overlay suppressed.
07-06 01:01:13.605  1612  2064 I AiAiTextClassifier: GenerateLinks did not find valid links, returning empty result
07-06 01:01:13.606   691   924 E ClipboardService: Denying clipboard access to com.android.chrome, application is not in focus nor is it a system service for user 0
07-06 01:01:13.609   956   956 I ClipboardListener: Clipboard overlay suppressed.
07-06 01:01:13.611  1612  2064 I AiAiTextClassifier: GenerateLinks did not find valid links, returning empty result
07-06 01:01:14.491  1116  1116 D b/387844520: getOutlineOffsetX: measured width = 198, mNormalizedIconSize = 182, last updated width = 198
07-06 01:01:14.493   691  1850 V GrammaticalInflectionUtils: AttributionSource: android.content.AttributionSource@ef8d0396 does not have READ_SYSTEM_GRAMMATICAL_GENDER permission.
07-06 01:01:14.494   691  1850 W OptProp : Cannot read opt property android.window.PROPERTY_COMPAT_ALLOW_USER_ASPECT_RATIO_OVERRIDE
07-06 01:01:14.494   691  1850 W OptProp : Cannot read opt property android.window.PROPERTY_COMPAT_ALLOW_USER_ASPECT_RATIO_FULLSCREEN_OVERRIDE
07-06 01:01:14.494   691  1850 W OptProp : Cannot read opt property android.window.PROPERTY_COMPAT_ALLOW_RESIZEABLE_ACTIVITY_OVERRIDES
07-06 01:01:14.494   691  1850 W OptProp : Cannot read opt property android.window.PROPERTY_COMPAT_ALLOW_MIN_ASPECT_RATIO_OVERRIDE
07-06 01:01:14.496  1116  1172 W HWUI    : Image decoding logging dropped!
07-06 01:01:14.496   691  1843 W AS.PlaybackActivityMon: No piid assigned for invalid/internal port id 15
07-06 01:01:14.499   691  1850 W OptProp : Cannot read opt property android.window.PROPERTY_COMPAT_ALLOW_ORIENTATION_OVERRIDE
07-06 01:01:14.502   691  1850 I ActivityTaskManager: START u0 {act=android.intent.action.MAIN cat=[android.intent.category.LAUNCHER] flg=0x10200000 xflg=0x4 cmp=com.pat33.SmartExpenseTracker/.MainActivity bnds=[985,2253][1183,2476]} with LAUNCH_SINGLE_TASK from uid 10180 (sr=227924888) (BAL_ALLOW_VISIBLE_WINDOW) result code=0
07-06 01:01:14.503   956   997 V WindowManagerShell: Transition requested (#41): android.os.BinderProxy@4b85841 TransitionRequestInfo { type = OPEN, triggerTask = TaskInfo{userId=0 taskId=59 effectiveUid=10217 displayId=0 isRunning=true baseIntent=Intent { act=android.intent.action.MAIN cat=[android.intent.category.LAUNCHER] flg=0x10200000 cmp=com.pat33.SmartExpenseTracker/.MainActivity } baseActivity=ComponentInfo{com.pat33.SmartExpenseTracker/com.pat33.SmartExpenseTracker.MainActivity} topActivity=ComponentInfo{com.pat33.SmartExpenseTracker/com.pat33.SmartExpenseTracker.MainActivity} origActivity=null realActivity=ComponentInfo{com.pat33.SmartExpenseTracker/com.pat33.SmartExpenseTracker.MainActivity} numActivities=1 lastActiveTime=1754955 supportsMultiWindow=true resizeMode=1 isResizeable=true minWidth=-1 minHeight=-1 defaultMinSize=220 token=WCT{android.window.IWindowContainerToken$Stub$Proxy@a791e6} topActivityType=1 pictureInPictureParams=null shouldDockBigOverlays=false launchIntoPipHostTaskId=-1 lastParentTaskIdBeforePip=-1 displayCutoutSafeInsets=Rect(0, 156 - 0, 0) topActivityInfo=ActivityInfo{3b16327 com.pat33.SmartExpenseTracker.MainActivity} launchCookies=[android.os.BinderProxy@5e749d4] positionInParent=Point(0, 0) parentTaskId=-1 isFocused=false isVisible=false isVisibleRequested=false isTopActivityNoDisplay=false isSleeping=false locusId=null displayAreaFeatureId=1 isTopActivityTransparent=false isActivityStackTransparent=false lastNonFullscreenBounds=Rect(329, 830 - 952, 2110) capturedLink=null capturedLinkTimestamp=0 requestedVisibleTypes=-9 topActivityRequestOpenInBrowserEducationTimestamp=0 appCompatTaskInfo=AppCompatTaskInfo { topActivityInSizeCompat=false eligibleForLetterboxEducation= false isLetterboxEducationEnabled= true isLetterboxDoubleTapEnabled= false eligibleForUserAspectRatioButton= false topActivityBoundsLetterboxed= false isFromLetterboxDoubleTap= false topActivityLetterboxVerticalPosition= -1 topActivityLetterboxHorizontalPosition= -1 topActivityLetterboxWidth=-1 topActivityLetterboxHeight=-1 topActivityAppBounds=Rect(0, 0 - 1280, 2856) isUserFullscreenOverrideEnabled=false isSystemFullscreenOverrideEnabled=false hasMinAspectRatioOverride=false topActivityLetterboxBounds=null cameraCompatTaskInfo=CameraCompatTaskInfo { freeformCameraCompatMode=inactive}} topActivityMainWindowFrame=null}, pipChange = null, remoteTransition = RemoteTransition { remoteTransition = android.window.IRemoteTransition$Stub$Proxy@9f1377d, appThread = android.app.IApplicationThread$Stub$Proxy@24ae672, debugName = QuickstepLaunch }, displayChange = null, flags = 0, debugId = 41 }
07-06 01:01:14.503   956   997 D ShellSplitScreen: logExit: no-op, mLoggerSessionId is null
07-06 01:01:14.503   956   997 V WindowManagerShell: RemoteTransition directly requested for (#41) android.os.BinderProxy@4b85841: RemoteTransition { remoteTransition = android.window.IRemoteTransition$Stub$Proxy@9f1377d, appThread = android.app.IApplicationThread$Stub$Proxy@24ae672, debugName = QuickstepLaunch }
07-06 01:01:14.503   956   997 V WindowManagerShell: Transition (#41): request handled by DefaultMixedHandler
07-06 01:01:14.504   691   912 D BackgroundInstallControlService: Package event received: 0
07-06 01:01:14.505  1116  1116 D StatsLog: LAUNCHER_APP_LAUNCH_TAP
07-06 01:01:14.505  1116  1116 D StatsLog: LAUNCHER_HOTSEAT_RANKED
07-06 01:01:14.506  1116  1172 D QuickstepModelDelegate: notifyAppTargetEvent action=1 launchLocation=predictions/hotseat
07-06 01:01:14.507   613   682 W IPCThreadState: Sending oneway calls to frozen process.
07-06 01:01:14.507   613   682 W IPCThreadState: Sending oneway calls to frozen process.
07-06 01:01:14.508   535   552 I BpBinder: onLastStrongRef automatically unlinking death recipients: 
07-06 01:01:14.510  1116  1116 W SplitSelectStateCtor: Missing session instanceIds
07-06 01:01:14.510  1116  1116 D StatsLog: LAUNCHER_SPLIT_SELECTION_EXIT_INTERRUPTED
07-06 01:01:14.510   691   719 V GrammaticalInflectionUtils: AttributionSource: android.content.AttributionSource@ef8d0396 does not have READ_SYSTEM_GRAMMATICAL_GENDER permission.
07-06 01:01:14.512   956  1027 W HWUI    : Image decoding logging dropped!
07-06 01:01:14.514   956   997 D WindowManagerShell: setLauncherKeepClearAreaHeight: visible=false, height=603
07-06 01:01:14.514   691   719 W IPCThreadState: Sending oneway calls to frozen process.
07-06 01:01:14.514   691   719 W IPCThreadState: Sending oneway calls to frozen process.
07-06 01:01:14.514   691   719 W IPCThreadState: Sending oneway calls to frozen process.
07-06 01:01:14.514   691   912 D BackgroundInstallControlService: Package event received: 0
07-06 01:01:14.514   691   719 W IPCThreadState: Sending oneway calls to frozen process.
07-06 01:01:14.515   691   719 W IPCThreadState: Sending oneway calls to frozen process.
07-06 01:01:14.515   691   912 D BackgroundInstallControlService: Package event received: 0
07-06 01:01:14.515   691   719 W IPCThreadState: Sending oneway calls to frozen process.
07-06 01:01:14.516   691   719 W IPCThreadState: Sending oneway calls to frozen process.
07-06 01:01:14.516   691   719 W IPCThreadState: Sending oneway calls to frozen process.
07-06 01:01:14.516   691   719 W IPCThreadState: Sending oneway calls to frozen process.
07-06 01:01:14.516   691   719 W IPCThreadState: Sending oneway calls to frozen process.
07-06 01:01:14.516   691   719 W IPCThreadState: Sending oneway calls to frozen process.
07-06 01:01:14.516   691   719 W IPCThreadState: Sending oneway calls to frozen process.
07-06 01:01:14.516   691   719 W IPCThreadState: Sending oneway calls to frozen process.
07-06 01:01:14.516   691   719 W IPCThreadState: Sending oneway calls to frozen process.
07-06 01:01:14.516   691   719 W IPCThreadState: Sending oneway calls to frozen process.
07-06 01:01:14.516   691   719 W IPCThreadState: Sending oneway calls to frozen process.
07-06 01:01:14.517   691   912 D BackgroundInstallControlService: Package event received: 0
07-06 01:01:14.517   691   912 D BackgroundInstallControlService: Package event received: 0
07-06 01:01:14.517   691   719 W IPCThreadState: Sending oneway calls to frozen process.
07-06 01:01:14.517   691   719 W IPCThreadState: Sending oneway calls to frozen process.
07-06 01:01:14.517   691   719 W IPCThreadState: Sending oneway calls to frozen process.
07-06 01:01:14.517   691   719 W IPCThreadState: Sending oneway calls to frozen process.
07-06 01:01:14.517   691   719 W IPCThreadState: Sending oneway calls to frozen process.
07-06 01:01:14.517   691   719 W IPCThreadState: Sending oneway calls to frozen process.
07-06 01:01:14.518   691   719 W IPCThreadState: Sending oneway calls to frozen process.
07-06 01:01:14.518   691   719 W IPCThreadState: Sending oneway calls to frozen process.
07-06 01:01:14.518   691   912 D BackgroundInstallControlService: Package event received: 0
07-06 01:01:14.518   691   912 D BackgroundInstallControlService: Package event received: 0
07-06 01:01:14.519   691   912 D BackgroundInstallControlService: Package event received: 0
07-06 01:01:14.519   691   912 D BackgroundInstallControlService: Package event received: 0
07-06 01:01:14.519   462   462 D Zygote  : Forked child process 6450
07-06 01:01:14.519   691   719 W IPCThreadState: Sending oneway calls to frozen process.
07-06 01:01:14.519   691   719 W IPCThreadState: Sending oneway calls to frozen process.
07-06 01:01:14.519   691   912 D BackgroundInstallControlService: Package event received: 0
07-06 01:01:14.519   691   719 W IPCThreadState: Sending oneway calls to frozen process.
07-06 01:01:14.519   691   912 D BackgroundInstallControlService: Package event received: 0
07-06 01:01:14.519   691   719 W IPCThreadState: Sending oneway calls to frozen process.
07-06 01:01:14.519   691   719 W IPCThreadState: Sending oneway calls to frozen process.
07-06 01:01:14.520   691   719 W IPCThreadState: Sending oneway calls to frozen process.
07-06 01:01:14.520   691   719 W IPCThreadState: Sending oneway calls to frozen process.
07-06 01:01:14.520   691   719 W IPCThreadState: Sending oneway calls to frozen process.
07-06 01:01:14.520   691   719 W IPCThreadState: Sending oneway calls to frozen process.
07-06 01:01:14.520   691   719 W IPCThreadState: Sending oneway calls to frozen process.
07-06 01:01:14.520   691   719 W IPCThreadState: Sending oneway calls to frozen process.
07-06 01:01:14.520   535   535 I BpBinder: onLastStrongRef automatically unlinking death recipients: 
07-06 01:01:14.520   691   719 W IPCThreadState: Sending oneway calls to frozen process.
07-06 01:01:14.520   691   719 W IPCThreadState: Sending oneway calls to frozen process.
07-06 01:01:14.521   691   719 W IPCThreadState: Sending oneway calls to frozen process.
07-06 01:01:14.521   691   719 W IPCThreadState: Sending oneway calls to frozen process.
07-06 01:01:14.521   691   719 W IPCThreadState: Sending oneway calls to frozen process.
07-06 01:01:14.521   691   719 W IPCThreadState: Sending oneway calls to frozen process.
07-06 01:01:14.521   691   719 W IPCThreadState: Sending oneway calls to frozen process.
07-06 01:01:14.521   691   719 W IPCThreadState: Sending oneway calls to frozen process.
07-06 01:01:14.521   691   719 W IPCThreadState: Sending oneway calls to frozen process.
07-06 01:01:14.521   691   719 W IPCThreadState: Sending oneway calls to frozen process.
07-06 01:01:14.521   691   719 W IPCThreadState: Sending oneway calls to frozen process.
07-06 01:01:14.521   691   719 W IPCThreadState: Sending oneway calls to frozen process.
07-06 01:01:14.521   691   719 W IPCThreadState: Sending oneway calls to frozen process.
07-06 01:01:14.521   691   719 W IPCThreadState: Sending oneway calls to frozen process.
07-06 01:01:14.523   691   912 D BackgroundInstallControlService: Package event received: 0
07-06 01:01:14.523   691   912 D BackgroundInstallControlService: Package event received: 0
07-06 01:01:14.523   691   912 D BackgroundInstallControlService: Package event received: 0
07-06 01:01:14.523   691   912 D BackgroundInstallControlService: Package event received: 0
07-06 01:01:14.523   691   912 D BackgroundInstallControlService: Package event received: 0
07-06 01:01:14.523   691   912 D BackgroundInstallControlService: Package event received: 0
07-06 01:01:14.523   691   912 D BackgroundInstallControlService: Package event received: 0
07-06 01:01:14.523   691   912 D BackgroundInstallControlService: Package event received: 0
07-06 01:01:14.523   691   912 D BackgroundInstallControlService: Package event received: 0
07-06 01:01:14.523   691   912 D BackgroundInstallControlService: Package event received: 0
07-06 01:01:14.523   691   912 D BackgroundInstallControlService: Package event received: 0
07-06 01:01:14.523   691   912 D BackgroundInstallControlService: Package event received: 0
07-06 01:01:14.523   691   912 D BackgroundInstallControlService: Package event received: 0
07-06 01:01:14.523   691   912 D BackgroundInstallControlService: Package event received: 0
07-06 01:01:14.524   691  1844 D CoreBackPreview: Window{8116c23 u0 Splash Screen com.pat33.SmartExpenseTracker}: Setting back callback OnBackInvokedCallbackInfo{mCallback=android.window.IOnBackInvokedCallback$Stub$Proxy@704a77f, mPriority=0, mIsAnimationCallback=false, mOverrideBehavior=0}
07-06 01:01:14.525   691   726 I ActivityManager: Start proc 6450:com.pat33.SmartExpenseTracker/u0a217 for next-top-activity {com.pat33.SmartExpenseTracker/com.pat33.SmartExpenseTracker.MainActivity}
07-06 01:01:14.525   691   726 I ActivityManager: ProcessObserver broadcast disabled
07-06 01:01:14.532  6450  6450 I tExpenseTracker: Using CollectorTypeCMC GC.
07-06 01:01:14.534  6450  6450 W tExpenseTracker: Unexpected CPU variant for x86: x86_64.
07-06 01:01:14.534  6450  6450 W tExpenseTracker: Known variants: atom, sandybridge, silvermont, goldmont, goldmont-plus, goldmont-without-sha-xsaves, tremont, kabylake, alderlake, default
07-06 01:01:14.539  6450  6450 E tExpenseTracker: Not starting debugger since process cannot load the jdwp agent.
07-06 01:01:14.540   956  1433 V WindowManagerShell: onTransitionReady(transaction=2967822406178)
07-06 01:01:14.540   956   997 V WindowManagerShell: onTransitionReady (#41) android.os.BinderProxy@4b85841: {id=41 t=OPEN f=0x0 trk=0 r=[0@Point(0, 0)] c=[
07-06 01:01:14.540   956   997 V WindowManagerShell:         {m=OPEN f=NONE leash=Surface(name=Task=59)/@0x123f9ed sb=Rect(0, 0 - 1280, 2856) eb=Rect(0, 0 - 1280, 2856) epz=Point(1280, 2856) d=0 taskParent=-1},
07-06 01:01:14.540   956   997 V WindowManagerShell:         {m=TO_BACK f=SHOW_WALLPAPER leash=Surface(name=Task=1)/@0xcc5d022 sb=Rect(0, 0 - 1280, 2856) eb=Rect(0, 0 - 1280, 2856) epz=Point(1280, 2856) d=0 taskParent=-1},
07-06 01:01:14.540   956   997 V WindowManagerShell:         {m=TO_BACK f=IS_WALLPAPER leash=Surface(name=WallpaperWindowToken{b98646d showWhenLocked=false})/@0x1f02ab3 sb=Rect(0, 0 - 1280, 2856) eb=Rect(0, 0 - 1280, 2856) epz=Point(1280, 2856) d=0}
07-06 01:01:14.540   956   997 V WindowManagerShell:     ]}
07-06 01:01:14.540   956   997 V WindowManagerShell: Playing animation for (#41) android.os.BinderProxy@4b85841@0
07-06 01:01:14.540   956   997 V WindowManagerShell:  try firstHandler com.android.wm.shell.transition.DefaultMixedHandler@ac2544c
07-06 01:01:14.540   956   997 V WindowManagerShell: Mixed transition for opening an intent with a remote transition and PIP or Desktop #41
07-06 01:01:14.540   956   997 V WindowManagerShell: tryAnimateOpenIntentWithRemoteAndPipOrDesktop
07-06 01:01:14.540   956   997 V WindowManagerShell:  Delegate animation for (#41) to RemoteTransition { remoteTransition = android.window.IRemoteTransition$Stub$Proxy@9f1377d, appThread = android.app.IApplicationThread$Stub$Proxy@24ae672, debugName = QuickstepLaunch }
07-06 01:01:14.541   691   716 V WindowManager: Sent Transition (#41) createdAt=07-06 01:01:14.495 via request=TransitionRequestInfo { type = OPEN, triggerTask = TaskInfo{userId=0 taskId=59 effectiveUid=10217 displayId=0 isRunning=true baseIntent=Intent { act=android.intent.action.MAIN cat=[android.intent.category.LAUNCHER] flg=0x10200000 cmp=com.pat33.SmartExpenseTracker/.MainActivity } baseActivity=ComponentInfo{com.pat33.SmartExpenseTracker/com.pat33.SmartExpenseTracker.MainActivity} topActivity=ComponentInfo{com.pat33.SmartExpenseTracker/com.pat33.SmartExpenseTracker.MainActivity} origActivity=null realActivity=ComponentInfo{com.pat33.SmartExpenseTracker/com.pat33.SmartExpenseTracker.MainActivity} numActivities=1 lastActiveTime=1754955 supportsMultiWindow=true resizeMode=1 isResizeable=true minWidth=-1 minHeight=-1 defaultMinSize=220 token=WCT{RemoteToken{bc63c9b Task{3466e87 #59 type=standard A=10217:com.pat33.SmartExpenseTracker}}} topActivityType=1 pictureInPictureParams=null shouldDockBigOverlays=false launchIntoPipHostTaskId=-1 lastParentTaskIdBeforePip=-1 displayCutoutSafeInsets=Rect(0, 156 - 0, 0) topActivityInfo=ActivityInfo{4c13838 com.pat33.SmartExpenseTracker.MainActivity} launchCookies=[android.os.BinderProxy@8b63011] positionInParent=Point(0, 0) parentTaskId=-1 isFocused=false isVisible=false isVisibleRequested=false isTopActivityNoDisplay=false isSleeping=false locusId=null displayAreaFeatureId=1 isTopActivityTransparent=false isActivityStackTransparent=false lastNonFullscreenBounds=Rect(329, 830 - 952, 2110) capturedLink=null capturedLinkTimestamp=0 requestedVisibleTypes=-9 topActivityRequestOpenInBrowserEducationTimestamp=0 appCompatTaskInfo=AppCompatTaskInfo { topActivityInSizeCompat=false eligibleForLetterboxEducation= false isLetterboxEducationEnabled= true isLetterboxDoubleTapEnabled= false eligibleForUserAspectRatioButton= false topActivityBoundsLetterboxed= false isFromLetterboxDoubleTap= false topActivityLetterboxVerticalPosition= -1 topActivityLetterboxHorizontalPosition= -1 topActivityLetterboxWidth=-1 topActivityLetterboxHeight=-1 topActivityAppBounds=Rect(0, 0 - 1280, 2856) isUserFullscreenOverrideEnabled=false isSystemFullscreenOverrideEnabled=false hasMinAspectRatioOverride=false topActivityLetterboxBounds=null cameraCompatTaskInfo=CameraCompatTaskInfo { freeformCameraCompatMode=inactive}} topActivityMainWindowFrame=null}, pipChange = null, remoteTransition = RemoteTransition { remoteTransition = android.window.IRemoteTransition$Stub$Proxy@36d9fe4, appThread = android.app.IApplicationThread$Stub$Proxy@abcbc4d, debugName = QuickstepLaunch }, displayChange = null, flags = 0, debugId = 41 }
07-06 01:01:14.541   691   716 V WindowManager:     startWCT=WindowContainerTransaction { changes= {} hops= [] errorCallbackToken=null taskFragmentOrganizer=null }
07-06 01:01:14.541   691   716 V WindowManager:     info={id=41 t=OPEN f=0x0 trk=0 r=[0@Point(0, 0)] c=[
07-06 01:01:14.541   691   716 V WindowManager:         {WCT{RemoteToken{bc63c9b Task{3466e87 #59 type=standard A=10217:com.pat33.SmartExpenseTracker}}} m=OPEN f=NONE leash=Surface(name=Task=59)/@0xde52f95 sb=Rect(0, 0 - 1280, 2856) eb=Rect(0, 0 - 1280, 2856) epz=Point(1280, 2856) d=0 taskParent=-1},
07-06 01:01:14.541   691   716 V WindowManager:         {WCT{RemoteToken{1041690 Task{8740a57 #1 type=home}}} m=TO_BACK f=SHOW_WALLPAPER leash=Surface(name=Task=1)/@0x7f5c845 sb=Rect(0, 0 - 1280, 2856) eb=Rect(0, 0 - 1280, 2856) epz=Point(1280, 2856) d=0 taskParent=-1},
07-06 01:01:14.541   691   716 V WindowManager:         {m=TO_BACK f=IS_WALLPAPER leash=Surface(name=WallpaperWindowToken{b98646d showWhenLocked=false})/@0x83044bf sb=Rect(0, 0 - 1280, 2856) eb=Rect(0, 0 - 1280, 2856) epz=Point(1280, 2856) d=0}
07-06 01:01:14.541   691   716 V WindowManager:     ]}
07-06 01:01:14.542   956   997 V WindowManagerShell:  animated by firstHandler
07-06 01:01:14.543  6450  6450 D nativeloader: Load libframework-connectivity-tiramisu-jni.so using APEX ns com_android_tethering for caller /apex/com.android.tethering/javalib/framework-connectivity-t.jar: ok
07-06 01:01:14.544  1116  1116 D BaseDepthController: mSurface is null and mCurrentBlur is: 0
07-06 01:01:14.545  1116  1116 D BaseDepthController: mSurface is null and mCurrentBlur is: 0
07-06 01:01:14.550   691   912 D BackgroundInstallControlService: Package event received: 0
07-06 01:01:14.556  1116  1116 D BaseDepthController: mSurface is null and mCurrentBlur is: 0
07-06 01:01:14.567  6450  6450 D nativeloader: Configuring clns-9 for other apk /data/app/~~66UPAKLFdaKcHYjH4eTDfA==/com.pat33.SmartExpenseTracker-qaPChqIbJwC8NwF2S-qLIw==/base.apk. target_sdk_version=35, uses_libraries=, library_path=/data/app/~~66UPAKLFdaKcHYjH4eTDfA==/com.pat33.SmartExpenseTracker-qaPChqIbJwC8NwF2S-qLIw==/lib/x86_64:/data/app/~~66UPAKLFdaKcHYjH4eTDfA==/com.pat33.SmartExpenseTracker-qaPChqIbJwC8NwF2S-qLIw==/base.apk!/lib/x86_64, permitted_path=/data:/mnt/expand:/data/user/0/com.pat33.SmartExpenseTracker
07-06 01:01:14.568  6450  6450 D CompatChangeReporter: Compat change id reported: 202956589; UID 10217; state: ENABLED
07-06 01:01:14.570  6450  6450 I tExpenseTracker: AssetManager2(0x70627c9a6878) locale list changing from [] to [en-US]
07-06 01:01:14.572  6450  6450 V GraphicsEnvironment: Currently set values for:
07-06 01:01:14.572  6450  6450 V GraphicsEnvironment:   angle_gl_driver_selection_pkgs=[]
07-06 01:01:14.572  6450  6450 V GraphicsEnvironment:   angle_gl_driver_selection_values=[]
07-06 01:01:14.572  6450  6450 V GraphicsEnvironment: com.pat33.SmartExpenseTracker is not listed in per-application setting
07-06 01:01:14.572  6450  6450 V GraphicsEnvironment: ANGLE allowlist from config: 
07-06 01:01:14.572  6450  6450 V GraphicsEnvironment: com.pat33.SmartExpenseTracker is not listed in ANGLE allowlist or settings, returning default
07-06 01:01:14.572  6450  6450 V GraphicsEnvironment: Neither updatable production driver nor prerelease driver is supported.
07-06 01:01:14.580  6450  6450 W FirebaseApp: Default FirebaseApp failed to initialize because no default options were found. This usually means that com.google.gms:google-services was not applied to your gradle project.
07-06 01:01:14.581  6450  6450 I FirebaseInitProvider: FirebaseApp initialization unsuccessful
07-06 01:01:14.584  6450  6450 D CompatChangeReporter: Compat change id reported: 279646685; UID 10217; state: ENABLED
07-06 01:01:14.585  6450  6450 W SoLoader: Initializing SoLoader: 0
07-06 01:01:14.585  6450  6450 W SoLoader: Recording new base apk path: /data/app/~~66UPAKLFdaKcHYjH4eTDfA==/com.pat33.SmartExpenseTracker-qaPChqIbJwC8NwF2S-qLIw==/base.apk
07-06 01:01:14.585  6450  6450 W SoLoader: Previously recorded 0 base apk paths.
07-06 01:01:14.586  6450  6450 D CompatChangeReporter: Compat change id reported: 312399441; UID 10217; state: ENABLED
07-06 01:01:14.586  6450  6450 I SoLoader: Preparing SO source: DirectorySoSource[root = /vendor/lib64 flags = 2]
07-06 01:01:14.586  6450  6450 I SoLoader: Preparing SO source: DirectorySoSource[root = /system/lib64 flags = 2]
07-06 01:01:14.586  6450  6450 I SoLoader: Preparing SO source: DirectApkSoSource[root = [/data/app/~~66UPAKLFdaKcHYjH4eTDfA==/com.pat33.SmartExpenseTracker-qaPChqIbJwC8NwF2S-qLIw==/base.apk!/lib/x86_64]]
07-06 01:01:14.591  6450  6450 I SoLoader: Preparing SO source: ApplicationSoSource[DirectorySoSource[root = /data/app/~~66UPAKLFdaKcHYjH4eTDfA==/com.pat33.SmartExpenseTracker-qaPChqIbJwC8NwF2S-qLIw==/lib/x86_64 flags = 0]]
07-06 01:01:14.591  6450  6450 I SoLoader: init finish: 4 SO sources prepared
07-06 01:01:14.591  6450  6450 W SoLoader: SoLoader initialized: 8
07-06 01:01:14.600  6450  6450 D nativeloader: Load /data/app/~~66UPAKLFdaKcHYjH4eTDfA==/com.pat33.SmartExpenseTracker-qaPChqIbJwC8NwF2S-qLIw==/base.apk!/lib/x86_64/libc++_shared.so using class loader ns clns-9 (caller=/data/app/~~66UPAKLFdaKcHYjH4eTDfA==/com.pat33.SmartExpenseTracker-qaPChqIbJwC8NwF2S-qLIw==/base.apk): ok
07-06 01:01:14.603  1116  1116 D BaseDepthController: mSurface is null and mCurrentBlur is: 0
07-06 01:01:14.603   486  4920 I RanchuHwc: logCompositionFallbackIfChanged: layer 160 CompositionType fallback from 2 to 1
07-06 01:01:14.603   486  4920 I RanchuHwc: logCompositionFallbackIfChanged: layer 161 CompositionType fallback from 2 to 1
07-06 01:01:14.606  6450  6450 D nativeloader: Load /data/app/~~66UPAKLFdaKcHYjH4eTDfA==/com.pat33.SmartExpenseTracker-qaPChqIbJwC8NwF2S-qLIw==/base.apk!/lib/x86_64/libjsi.so using class loader ns clns-9 (caller=/data/app/~~66UPAKLFdaKcHYjH4eTDfA==/com.pat33.SmartExpenseTracker-qaPChqIbJwC8NwF2S-qLIw==/base.apk): ok
07-06 01:01:14.611  6450  6450 D nativeloader: Load /data/app/~~66UPAKLFdaKcHYjH4eTDfA==/com.pat33.SmartExpenseTracker-qaPChqIbJwC8NwF2S-qLIw==/base.apk!/lib/x86_64/libfbjni.so using class loader ns clns-9 (caller=/data/app/~~66UPAKLFdaKcHYjH4eTDfA==/com.pat33.SmartExpenseTracker-qaPChqIbJwC8NwF2S-qLIw==/base.apk): ok
07-06 01:01:14.616  6450  6450 D nativeloader: Load /data/app/~~66UPAKLFdaKcHYjH4eTDfA==/com.pat33.SmartExpenseTracker-qaPChqIbJwC8NwF2S-qLIw==/base.apk!/lib/x86_64/libreactnative.so using class loader ns clns-9 (caller=/data/app/~~66UPAKLFdaKcHYjH4eTDfA==/com.pat33.SmartExpenseTracker-qaPChqIbJwC8NwF2S-qLIw==/base.apk): ok
07-06 01:01:14.616  6450  6450 D jni_lib_merge: Entering merged library JNI_OnLoad.
07-06 01:01:14.616  6450  6450 D jni_lib_merge: Preparing 11 pre-merged libs (including stub)
07-06 01:01:14.616  6450  6450 D jni_lib_merge: Preparing to register libfabricjni_so.  onload_func: 0x70610f5d17a0
07-06 01:01:14.616  6450  6450 D jni_lib_merge: Preparing to register libreact_devsupportjni_so.  onload_func: 0x70610f6aa290
07-06 01:01:14.616  6450  6450 D jni_lib_merge: Preparing to register libreact_featureflagsjni_so.  onload_func: 0x70610f6b2130
07-06 01:01:14.616  6450  6450 D jni_lib_merge: Preparing to register libreact_newarchdefaults_so.  onload_func: 0x70610f6d7530
07-06 01:01:14.616  6450  6450 D jni_lib_merge: Preparing to register libreactnativeblob_so.  onload_func: 0x70610f76e910
07-06 01:01:14.616  6450  6450 D jni_lib_merge: Preparing to register libreactnativejni_so.  onload_func: 0x70610f78cbe0
07-06 01:01:14.616  6450  6450 D jni_lib_merge: Preparing to register librninstance_so.  onload_func: 0x70610f7a78b0
07-06 01:01:14.616  6450  6450 D jni_lib_merge: Preparing to register libturbomodulejsijni_so.  onload_func: 0x70610f82aa60
07-06 01:01:14.616  6450  6450 D jni_lib_merge: Preparing to register libuimanagerjni_so.  onload_func: 0x70610f832620
07-06 01:01:14.616  6450  6450 D jni_lib_merge: Preparing to register libyoga_so.  onload_func: 0x70610f837e50
07-06 01:01:14.616  6450  6450 D jni_lib_merge: About to register 10 actual methods.
07-06 01:01:14.620  1116  1116 D BaseDepthController: mSurface is null and mCurrentBlur is: 0
07-06 01:01:14.627  6450  6450 D nativeloader: Load /data/app/~~66UPAKLFdaKcHYjH4eTDfA==/com.pat33.SmartExpenseTracker-qaPChqIbJwC8NwF2S-qLIw==/base.apk!/lib/x86_64/libreact_codegen_rnscreens.so using class loader ns clns-9 (caller=/data/app/~~66UPAKLFdaKcHYjH4eTDfA==/com.pat33.SmartExpenseTracker-qaPChqIbJwC8NwF2S-qLIw==/base.apk): ok
07-06 01:01:14.627  6450  6450 D jni_lib_merge: Entering merged library JNI_OnLoad.
07-06 01:01:14.627  6450  6450 D jni_lib_merge: Preparing 11 pre-merged libs (including stub)
07-06 01:01:14.627  6450  6450 D jni_lib_merge: Preparing to register libfabricjni_so.  onload_func: 0x70610f5d17a0
07-06 01:01:14.627  6450  6450 D jni_lib_merge: Preparing to register libreact_devsupportjni_so.  onload_func: 0x70610f6aa290
07-06 01:01:14.627  6450  6450 D jni_lib_merge: Preparing to register libreact_featureflagsjni_so.  onload_func: 0x70610f6b2130
07-06 01:01:14.627  6450  6450 D jni_lib_merge: Preparing to register libreact_newarchdefaults_so.  onload_func: 0x70610f6d7530
07-06 01:01:14.627  6450  6450 D jni_lib_merge: Preparing to register libreactnativeblob_so.  onload_func: 0x70610f76e910
07-06 01:01:14.627  6450  6450 D jni_lib_merge: Preparing to register libreactnativejni_so.  onload_func: 0x70610f78cbe0
07-06 01:01:14.627  6450  6450 D jni_lib_merge: Preparing to register librninstance_so.  onload_func: 0x70610f7a78b0
07-06 01:01:14.627  6450  6450 D jni_lib_merge: Preparing to register libturbomodulejsijni_so.  onload_func: 0x70610f82aa60
07-06 01:01:14.627  6450  6450 D jni_lib_merge: Preparing to register libuimanagerjni_so.  onload_func: 0x70610f832620
07-06 01:01:14.627  6450  6450 D jni_lib_merge: Preparing to register libyoga_so.  onload_func: 0x70610f837e50
07-06 01:01:14.627  6450  6450 D jni_lib_merge: About to register 10 actual methods.
07-06 01:01:14.631  6450  6450 D nativeloader: Load /data/app/~~66UPAKLFdaKcHYjH4eTDfA==/com.pat33.SmartExpenseTracker-qaPChqIbJwC8NwF2S-qLIw==/base.apk!/lib/x86_64/libreact_codegen_rnsvg.so using class loader ns clns-9 (caller=/data/app/~~66UPAKLFdaKcHYjH4eTDfA==/com.pat33.SmartExpenseTracker-qaPChqIbJwC8NwF2S-qLIw==/base.apk): ok
07-06 01:01:14.631  6450  6450 D jni_lib_merge: Entering merged library JNI_OnLoad.
07-06 01:01:14.631  6450  6450 D jni_lib_merge: Preparing 11 pre-merged libs (including stub)
07-06 01:01:14.631  6450  6450 D jni_lib_merge: Preparing to register libfabricjni_so.  onload_func: 0x70610f5d17a0
07-06 01:01:14.632  6450  6450 D jni_lib_merge: Preparing to register libreact_devsupportjni_so.  onload_func: 0x70610f6aa290
07-06 01:01:14.632  6450  6450 D jni_lib_merge: Preparing to register libreact_featureflagsjni_so.  onload_func: 0x70610f6b2130
07-06 01:01:14.632  6450  6450 D jni_lib_merge: Preparing to register libreact_newarchdefaults_so.  onload_func: 0x70610f6d7530
07-06 01:01:14.632  6450  6450 D jni_lib_merge: Preparing to register libreactnativeblob_so.  onload_func: 0x70610f76e910
07-06 01:01:14.632  6450  6450 D jni_lib_merge: Preparing to register libreactnativejni_so.  onload_func: 0x70610f78cbe0
07-06 01:01:14.632  6450  6450 D jni_lib_merge: Preparing to register librninstance_so.  onload_func: 0x70610f7a78b0
07-06 01:01:14.632  6450  6450 D jni_lib_merge: Preparing to register libturbomodulejsijni_so.  onload_func: 0x70610f82aa60
07-06 01:01:14.632  6450  6450 D jni_lib_merge: Preparing to register libuimanagerjni_so.  onload_func: 0x70610f832620
07-06 01:01:14.632  6450  6450 D jni_lib_merge: Preparing to register libyoga_so.  onload_func: 0x70610f837e50
07-06 01:01:14.632  6450  6450 D jni_lib_merge: About to register 10 actual methods.
07-06 01:01:14.637  6450  6450 D nativeloader: Load /data/app/~~66UPAKLFdaKcHYjH4eTDfA==/com.pat33.SmartExpenseTracker-qaPChqIbJwC8NwF2S-qLIw==/base.apk!/lib/x86_64/libreact_codegen_safeareacontext.so using class loader ns clns-9 (caller=/data/app/~~66UPAKLFdaKcHYjH4eTDfA==/com.pat33.SmartExpenseTracker-qaPChqIbJwC8NwF2S-qLIw==/base.apk): ok
07-06 01:01:14.637  1116  1116 D BaseDepthController: mSurface is null and mCurrentBlur is: 0
07-06 01:01:14.641  6450  6450 D nativeloader: Load /data/app/~~66UPAKLFdaKcHYjH4eTDfA==/com.pat33.SmartExpenseTracker-qaPChqIbJwC8NwF2S-qLIw==/base.apk!/lib/x86_64/libreact_codegen_rnpicker.so using class loader ns clns-9 (caller=/data/app/~~66UPAKLFdaKcHYjH4eTDfA==/com.pat33.SmartExpenseTracker-qaPChqIbJwC8NwF2S-qLIw==/base.apk): ok
07-06 01:01:14.641  6450  6450 D jni_lib_merge: Entering merged library JNI_OnLoad.
07-06 01:01:14.641  6450  6450 D jni_lib_merge: Preparing 11 pre-merged libs (including stub)
07-06 01:01:14.641  6450  6450 D jni_lib_merge: Preparing to register libfabricjni_so.  onload_func: 0x70610f5d17a0
07-06 01:01:14.641  6450  6450 D jni_lib_merge: Preparing to register libreact_devsupportjni_so.  onload_func: 0x70610f6aa290
07-06 01:01:14.641  6450  6450 D jni_lib_merge: Preparing to register libreact_featureflagsjni_so.  onload_func: 0x70610f6b2130
07-06 01:01:14.641  6450  6450 D jni_lib_merge: Preparing to register libreact_newarchdefaults_so.  onload_func: 0x70610f6d7530
07-06 01:01:14.641  6450  6450 D jni_lib_merge: Preparing to register libreactnativeblob_so.  onload_func: 0x70610f76e910
07-06 01:01:14.641  6450  6450 D jni_lib_merge: Preparing to register libreactnativejni_so.  onload_func: 0x70610f78cbe0
07-06 01:01:14.641  6450  6450 D jni_lib_merge: Preparing to register librninstance_so.  onload_func: 0x70610f7a78b0
07-06 01:01:14.641  6450  6450 D jni_lib_merge: Preparing to register libturbomodulejsijni_so.  onload_func: 0x70610f82aa60
07-06 01:01:14.641  6450  6450 D jni_lib_merge: Preparing to register libuimanagerjni_so.  onload_func: 0x70610f832620
07-06 01:01:14.641  6450  6450 D jni_lib_merge: Preparing to register libyoga_so.  onload_func: 0x70610f837e50
07-06 01:01:14.641  6450  6450 D jni_lib_merge: About to register 10 actual methods.
07-06 01:01:14.643  6450  6450 D nativeloader: Load /data/app/~~66UPAKLFdaKcHYjH4eTDfA==/com.pat33.SmartExpenseTracker-qaPChqIbJwC8NwF2S-qLIw==/base.apk!/lib/x86_64/libappmodules.so using class loader ns clns-9 (caller=/data/app/~~66UPAKLFdaKcHYjH4eTDfA==/com.pat33.SmartExpenseTracker-qaPChqIbJwC8NwF2S-qLIw==/base.apk): ok
07-06 01:01:14.645   691  1843 W OptProp : Cannot read opt property android.window.PROPERTY_COMPAT_ENABLE_FAKE_FOCUS
07-06 01:01:14.648   691   912 D BackgroundInstallControlService: Package event received: 0
07-06 01:01:14.648   691   912 D BackgroundInstallControlService: Package event received: 0
07-06 01:01:14.649  6450  6464 I DisplayManager: Choreographer implicitly registered for the refresh rate.
07-06 01:01:14.653  6450  6450 I tExpenseTracker: AssetManager2(0x70627c9a8df8) locale list changing from [] to [en-US]
07-06 01:01:14.657  1116  1116 D BaseDepthController: mSurface is null and mCurrentBlur is: 0
07-06 01:01:14.657  6450  6450 D AppCompatDelegate: Checking for metadata for AppLocalesMetadataHolderService : Service not found
07-06 01:01:14.659  6450  6450 I tExpenseTracker: AssetManager2(0x70627c9aad38) locale list changing from [] to [en-US]
07-06 01:01:14.662  6450  6450 E ashmem  : Pinning is deprecated since Android Q. Please use trim or other methods.
07-06 01:01:14.670  1116  1116 D BaseDepthController: mSurface is null and mCurrentBlur is: 0
07-06 01:01:14.679  6450  6450 W unknown:BridgelessReact: ReactHost{0}.startSurface(surfaceId = 0): Schedule
07-06 01:01:14.679  6450  6450 W unknown:BridgelessReact: ReactHost{0}.attachSurface(surfaceId = 0)
07-06 01:01:14.679  6450  6468 W unknown:BridgelessReact: ReactHost{0}.getOrCreateReactInstanceTask()
07-06 01:01:14.680  6450  6468 W unknown:BridgelessReact: ReactHost{0}.getOrCreateReactInstanceTask(): Start
07-06 01:01:14.680  6450  6468 W unknown:BridgelessReact: ReactHost{0}.getJSBundleLoader()
07-06 01:01:14.680  6450  6468 W unknown:BridgelessReact: ReactHost{0}.getOrCreateReactContext(): Creating BridgelessReactContext
07-06 01:01:14.680  6450  6468 W unknown:BridgelessReact: ReactHost{0}.getOrCreateReactInstanceTask(): Creating ReactInstance
07-06 01:01:14.682  6450  6450 D CompatChangeReporter: Compat change id reported: 309578419; UID 10217; state: ENABLED
07-06 01:01:14.684  6450  6450 D DesktopModeFlags: Toggle override initialized to: OVERRIDE_UNSET
07-06 01:01:14.687  1116  1116 D BaseDepthController: mSurface is null and mCurrentBlur is: 0
07-06 01:01:14.700  6450  6468 D nativeloader: Load /data/app/~~66UPAKLFdaKcHYjH4eTDfA==/com.pat33.SmartExpenseTracker-qaPChqIbJwC8NwF2S-qLIw==/base.apk!/lib/x86_64/libhermes.so using class loader ns clns-9 (caller=/data/app/~~66UPAKLFdaKcHYjH4eTDfA==/com.pat33.SmartExpenseTracker-qaPChqIbJwC8NwF2S-qLIw==/base.apk): ok
07-06 01:01:14.702  6450  6450 W unknown:BridgelessReact: ReactHost{0}.onHostResume(activity)
07-06 01:01:14.702  6450  6450 W unknown:BridgelessReact: ReactContext.onHostResume()
07-06 01:01:14.704  6450  6450 D CompatChangeReporter: Compat change id reported: 352594277; UID 10217; state: ENABLED
07-06 01:01:14.705  1116  1116 D BaseDepthController: mSurface is null and mCurrentBlur is: 0
07-06 01:01:14.708  6450  6468 D nativeloader: Load /data/app/~~66UPAKLFdaKcHYjH4eTDfA==/com.pat33.SmartExpenseTracker-qaPChqIbJwC8NwF2S-qLIw==/base.apk!/lib/x86_64/libhermestooling.so using class loader ns clns-9 (caller=/data/app/~~66UPAKLFdaKcHYjH4eTDfA==/com.pat33.SmartExpenseTracker-qaPChqIbJwC8NwF2S-qLIw==/base.apk): ok
07-06 01:01:14.709  6450  6468 D jni_lib_merge: Entering merged library JNI_OnLoad.
07-06 01:01:14.709  6450  6468 D jni_lib_merge: Preparing 4 pre-merged libs (including stub)
07-06 01:01:14.709  6450  6468 D jni_lib_merge: Preparing to register libhermes_executor_so.  onload_func: 0x706109766ee0
07-06 01:01:14.709  6450  6468 D jni_lib_merge: Preparing to register libhermesinstancejni_so.  onload_func: 0x70610976e860
07-06 01:01:14.709  6450  6468 D jni_lib_merge: Preparing to register libjsijniprofiler_so.  onload_func: 0x70610976ef30
07-06 01:01:14.710  6450  6468 D jni_lib_merge: About to register 3 actual methods.
07-06 01:01:14.710  6450  6450 D CompatChangeReporter: Compat change id reported: 349153669; UID 10217; state: ENABLED
07-06 01:01:14.715  6450  6450 W HWUI    : Unknown dataspace 0
07-06 01:01:14.721  1116  1116 D BaseDepthController: mSurface is null and mCurrentBlur is: 0
07-06 01:01:14.729  6450  6464 I EGL_emulation: Opening libGLESv1_CM_emulation.so
07-06 01:01:14.730  6450  6464 I EGL_emulation: Opening libGLESv2_emulation.so
07-06 01:01:14.737  1116  1116 D BaseDepthController: mSurface is null and mCurrentBlur is: 0
07-06 01:01:14.750  6450  6464 W HWUI    : Failed to choose config with EGL_SWAP_BEHAVIOR_PRESERVED, retrying without...
07-06 01:01:14.750  6450  6464 W HWUI    : Failed to initialize 101010-2 format, error = EGL_SUCCESS
07-06 01:01:14.754  1116  1116 D BaseDepthController: mSurface is null and mCurrentBlur is: 0
07-06 01:01:14.770  1116  1116 D BaseDepthController: mSurface is null and mCurrentBlur is: 0
07-06 01:01:14.773   691  1850 D CoreBackPreview: Window{7da75fe u0 com.pat33.SmartExpenseTracker/com.pat33.SmartExpenseTracker.MainActivity}: Setting back callback OnBackInvokedCallbackInfo{mCallback=android.window.IOnBackInvokedCallback$Stub$Proxy@e2d47ac, mPriority=0, mIsAnimationCallback=false, mOverrideBehavior=0}
07-06 01:01:14.788  1116  1116 D BaseDepthController: mSurface is null and mCurrentBlur is: 0
07-06 01:01:14.804  1116  1116 D BaseDepthController: mSurface is null and mCurrentBlur is: 0
07-06 01:01:14.809   691   716 I ActivityTaskManager: Displayed com.pat33.SmartExpenseTracker/.MainActivity for user 0: +308ms
07-06 01:01:14.820  1116  1116 D BaseDepthController: mSurface is null and mCurrentBlur is: 0
07-06 01:01:14.828   691   815 I ImeTracker: com.pat33.SmartExpenseTracker:96d5279c: onRequestHide at ORIGIN_SERVER reason HIDE_UNSPECIFIED_WINDOW fromUser false
07-06 01:01:14.830  6450  6450 D InsetsController: hide(ime(), fromIme=false)
07-06 01:01:14.830  6450  6450 I ImeTracker: com.pat33.SmartExpenseTracker:96d5279c: onCancelled at PHASE_CLIENT_ALREADY_HIDDEN
07-06 01:01:14.830  1453  1453 I GoogleInputMethodService: GoogleInputMethodService.onFinishInput():2043 
07-06 01:01:14.831  1453  1453 I Module  : DeviceLockedStatusModuleProvider$Module.updateDeviceLockedStatus():100 repeatCheckTimes = 0, locked = false
07-06 01:01:14.831   691  1843 I ImeTracker: system_server:63c8890d: onRequestHide at ORIGIN_SERVER reason IME_REQUESTED_CHANGED_LISTENER fromUser false
07-06 01:01:14.832  1453  1453 I GoogleInputMethodService: GoogleInputMethodService.onStartInput():1293 onStartInput(EditorInfo{EditorInfo{packageName=com.pat33.SmartExpenseTracker, inputType=0, inputTypeString=NULL, enableLearning=false, autoCorrection=false, autoComplete=false, imeOptions=0, privateImeOptions=null, actionName=UNSPECIFIED, actionLabel=null, initialSelStart=-1, initialSelEnd=-1, initialCapsMode=0, label=null, fieldId=0, fieldName=null, extras=null, hintText=null, hintLocales=[]}}, false)
07-06 01:01:14.832  1453  1453 I Module  : DeviceLockedStatusModuleProvider$Module.updateDeviceLockedStatus():100 repeatCheckTimes = 1, locked = false
07-06 01:01:14.833   691  1844 W PackageConfigPersister: App-specific configuration not found for packageName: com.pat33.SmartExpenseTracker and userId: 0
07-06 01:01:14.834   691   719 I ImeTracker: system_server:63c8890d: onCancelled at PHASE_SERVER_SHOULD_HIDE
07-06 01:01:14.840  1116  1116 D BaseDepthController: mSurface is null and mCurrentBlur is: 0
07-06 01:01:14.855  1116  1116 D BaseDepthController: mSurface is null and mCurrentBlur is: 0
07-06 01:01:14.871  1116  1116 D BaseDepthController: mSurface is null and mCurrentBlur is: 0
07-06 01:01:14.888  1116  1116 D BaseDepthController: mSurface is null and mCurrentBlur is: 0
07-06 01:01:14.893  6450  6468 I ExpoModulesCore: ✅ AppContext was initialized
07-06 01:01:14.905  6450  6468 W ReactNativeJNI: Component property map contains multiple entries for 'borderColor'. Ensure all calls to convertRawProp use a consistent prefix, name and suffix.
07-06 01:01:14.905  1116  1116 D BaseDepthController: mSurface is null and mCurrentBlur is: 0
07-06 01:01:14.906  6450  6468 W ReactNativeJNI: Component property map contains multiple entries for 'borderStyle'. Ensure all calls to convertRawProp use a consistent prefix, name and suffix.
07-06 01:01:14.906  6450  6468 W ReactNativeJNI: Component property map contains multiple entries for 'borderRadius'. Ensure all calls to convertRawProp use a consistent prefix, name and suffix.
07-06 01:01:14.906  6450  6468 W ReactNativeJNI: Component property map contains multiple entries for 'borderEndColor'. Ensure all calls to convertRawProp use a consistent prefix, name and suffix.
07-06 01:01:14.906  6450  6468 W ReactNativeJNI: Component property map contains multiple entries for 'borderTopColor'. Ensure all calls to convertRawProp use a consistent prefix, name and suffix.
07-06 01:01:14.906  6450  6468 W ReactNativeJNI: Component property map contains multiple entries for 'borderLeftColor'. Ensure all calls to convertRawProp use a consistent prefix, name and suffix.
07-06 01:01:14.906  6450  6468 W ReactNativeJNI: Component property map contains multiple entries for 'borderBlockColor'. Ensure all calls to convertRawProp use a consistent prefix, name and suffix.
07-06 01:01:14.906  6450  6468 W ReactNativeJNI: Component property map contains multiple entries for 'borderRightColor'. Ensure all calls to convertRawProp use a consistent prefix, name and suffix.
07-06 01:01:14.907  6450  6468 W ReactNativeJNI: Component property map contains multiple entries for 'borderStartColor'. Ensure all calls to convertRawProp use a consistent prefix, name and suffix.
07-06 01:01:14.907  6450  6468 W ReactNativeJNI: Component property map contains multiple entries for 'borderBottomColor'. Ensure all calls to convertRawProp use a consistent prefix, name and suffix.
07-06 01:01:14.907  6450  6468 W ReactNativeJNI: Component property map contains multiple entries for 'borderEndEndRadius'. Ensure all calls to convertRawProp use a consistent prefix, name and suffix.
07-06 01:01:14.907  6450  6468 W ReactNativeJNI: Component property map contains multiple entries for 'borderTopEndRadius'. Ensure all calls to convertRawProp use a consistent prefix, name and suffix.
07-06 01:01:14.907  6450  6468 W ReactNativeJNI: Component property map contains multiple entries for 'borderBlockEndColor'. Ensure all calls to convertRawProp use a consistent prefix, name and suffix.
07-06 01:01:14.907  6450  6468 W ReactNativeJNI: Component property map contains multiple entries for 'borderTopLeftRadius'. Ensure all calls to convertRawProp use a consistent prefix, name and suffix.
07-06 01:01:14.907  6450  6468 W ReactNativeJNI: Component property map contains multiple entries for 'borderEndStartRadius'. Ensure all calls to convertRawProp use a consistent prefix, name and suffix.
07-06 01:01:14.907  6450  6468 W ReactNativeJNI: Component property map contains multiple entries for 'borderStartEndRadius'. Ensure all calls to convertRawProp use a consistent prefix, name and suffix.
07-06 01:01:14.907  6450  6468 W ReactNativeJNI: Component property map contains multiple entries for 'borderTopRightRadius'. Ensure all calls to convertRawProp use a consistent prefix, name and suffix.
07-06 01:01:14.907  6450  6468 W ReactNativeJNI: Component property map contains multiple entries for 'borderTopStartRadius'. Ensure all calls to convertRawProp use a consistent prefix, name and suffix.
07-06 01:01:14.908  6450  6468 W ReactNativeJNI: Component property map contains multiple entries for 'borderBlockStartColor'. Ensure all calls to convertRawProp use a consistent prefix, name and suffix.
07-06 01:01:14.908  6450  6468 W ReactNativeJNI: Component property map contains multiple entries for 'borderBottomEndRadius'. Ensure all calls to convertRawProp use a consistent prefix, name and suffix.
07-06 01:01:14.908  6450  6468 W ReactNativeJNI: Component property map contains multiple entries for 'borderBottomLeftRadius'. Ensure all calls to convertRawProp use a consistent prefix, name and suffix.
07-06 01:01:14.908  6450  6468 W ReactNativeJNI: Component property map contains multiple entries for 'borderStartStartRadius'. Ensure all calls to convertRawProp use a consistent prefix, name and suffix.
07-06 01:01:14.908  6450  6468 W ReactNativeJNI: Component property map contains multiple entries for 'borderBottomRightRadius'. Ensure all calls to convertRawProp use a consistent prefix, name and suffix.
07-06 01:01:14.908  6450  6468 W ReactNativeJNI: Component property map contains multiple entries for 'borderBottomStartRadius'. Ensure all calls to convertRawProp use a consistent prefix, name and suffix.
07-06 01:01:14.920  1116  1116 D BaseDepthController: mSurface is null and mCurrentBlur is: 0
07-06 01:01:14.936  1116  1116 D BaseDepthController: mSurface is null and mCurrentBlur is: 0
07-06 01:01:14.949  6450  6468 W unknown:BridgelessReact: ReactHost{0}.getOrCreateReactInstanceTask(): Loading JS Bundle
07-06 01:01:14.949  6450  6468 W unknown:BridgelessReact: ReactHost{0}.getOrCreateReactInstanceTask(): Calling DevSupportManagerBase.onNewReactContextCreated(reactContext)
07-06 01:01:14.950  6450  6468 W unknown:BridgelessReact: ReactHost{0}.startSurface(surfaceId = 0): Execute
07-06 01:01:14.950  6450  6450 W unknown:BridgelessReact: ReactContext.onHostResume()
07-06 01:01:14.950  6450  6450 W unknown:BridgelessReact: ReactHost{0}.getOrCreateReactInstanceTask(): Executing ReactInstanceEventListeners
07-06 01:01:14.964  1116  1116 D BaseDepthController: mSurface is null and mCurrentBlur is: 0
07-06 01:01:14.981  1116  1116 D BaseDepthController: mSurface is null and mCurrentBlur is: 0
07-06 01:01:14.985  6450  6469 D nativeloader: Load /data/app/~~66UPAKLFdaKcHYjH4eTDfA==/com.pat33.SmartExpenseTracker-qaPChqIbJwC8NwF2S-qLIw==/base.apk!/lib/x86_64/libexpo-modules-core.so using class loader ns clns-9 (caller=/data/app/~~66UPAKLFdaKcHYjH4eTDfA==/com.pat33.SmartExpenseTracker-qaPChqIbJwC8NwF2S-qLIw==/base.apk): ok
07-06 01:01:14.990  6450  6469 D CompatChangeReporter: Compat change id reported: 63938206; UID 10217; state: ENABLED
07-06 01:01:14.992  6450  6469 W unknown:ViewManagerPropertyUpdater: Could not find generated setter for class com.th3rdwave.safeareacontext.SafeAreaProviderManager
07-06 01:01:14.995  6450  6469 W unknown:ViewManagerPropertyUpdater: Could not find generated setter for class com.facebook.react.uimanager.LayoutShadowNode
07-06 01:01:14.996  6450  6469 W unknown:ViewManagerPropertyUpdater: Could not find generated setter for class com.swmansion.rnscreens.SearchBarManager
07-06 01:01:14.997  6450  6469 W unknown:ViewManagerPropertyUpdater: Could not find generated setter for class com.swmansion.rnscreens.ScreenFooterManager
07-06 01:01:14.997  6450  6469 W unknown:ViewManagerPropertyUpdater: Could not find generated setter for class com.swmansion.rnscreens.ScreenContainerViewManager
07-06 01:01:14.998  6450  6469 W unknown:ViewManagerPropertyUpdater: Could not find generated setter for class com.swmansion.rnscreens.ModalScreenViewManager
07-06 01:01:14.999  6450  6469 W unknown:ViewManagerPropertyUpdater: Could not find generated setter for class com.swmansion.rnscreens.ScreenStackHeaderConfigViewManager
07-06 01:01:14.999  6450  6469 W unknown:ViewManagerPropertyUpdater: Could not find generated setter for class com.swmansion.rnscreens.ScreenContentWrapperManager
07-06 01:01:15.000  6450  6469 W unknown:ViewManagerPropertyUpdater: Could not find generated setter for class com.th3rdwave.safeareacontext.SafeAreaViewManager
07-06 01:01:15.001  6450  6469 W unknown:ViewManagerPropertyUpdater: Could not find generated setter for class com.th3rdwave.safeareacontext.SafeAreaViewShadowNode
07-06 01:01:15.002  6450  6469 W unknown:ViewManagerPropertyUpdater: Could not find generated setter for class com.swmansion.rnscreens.ScreenViewManager
07-06 01:01:15.006  1116  1116 D BaseDepthController: mSurface is null and mCurrentBlur is: 0
07-06 01:01:15.007  6450  6469 W unknown:ViewManagerPropertyUpdater: Could not find generated setter for class com.swmansion.rnscreens.ScreenStackHeaderSubviewManager
07-06 01:01:15.007  6450  6469 W unknown:ViewManagerPropertyUpdater: Could not find generated setter for class com.reactnativecommunity.picker.ReactDialogPickerManager
