07-06 01:01:15.008  6450  6469 W unknown:ViewManagerPropertyUpdater: Could not find generated setter for class com.reactnativecommunity.picker.ReactPickerShadowNode
07-06 01:01:15.008  6450  6469 W unknown:ViewManagerPropertyUpdater: Could not find generated setter for class com.swmansion.rnscreens.ScreenStackViewManager
07-06 01:01:15.008  6450  6469 W unknown:ViewManagerPropertyUpdater: Could not find generated setter for class com.reactnativecommunity.picker.ReactDropdownPickerManager
07-06 01:01:15.022  1116  1116 D BaseDepthController: mSurface is null and mCurrentBlur is: 0
07-06 01:01:15.027  6450  6469 W unknown:ViewManagerPropertyUpdater: Could not find generated setter for class com.horcrux.svg.RenderableViewManager$DefsViewManager
07-06 01:01:15.028  6450  6469 W unknown:ViewManagerPropertyUpdater: Could not find generated setter for class com.horcrux.svg.VirtualViewManager$RenderableShadowNode
07-06 01:01:15.029  6450  6469 W unknown:ViewManagerPropertyUpdater: Could not find generated setter for class com.horcrux.svg.RenderableViewManager$FeMergeManager
07-06 01:01:15.032  6450  6469 W unknown:ViewManagerPropertyUpdater: Could not find generated setter for class com.facebook.react.views.safeareaview.ReactSafeAreaViewManager
07-06 01:01:15.032  6450  6469 W unknown:ViewManagerPropertyUpdater: Could not find generated setter for class com.facebook.react.views.safeareaview.ReactSafeAreaViewShadowNode
07-06 01:01:15.033  6450  6469 W unknown:ViewManagerPropertyUpdater: Could not find generated setter for class com.horcrux.svg.RenderableViewManager$LinearGradientManager
07-06 01:01:15.034  6450  6469 W unknown:ViewManagerPropertyUpdater: Could not find generated setter for class com.horcrux.svg.RenderableViewManager$FeGaussianBlurManager
07-06 01:01:15.036  6450  6469 W unknown:ViewManagerPropertyUpdater: Could not find generated setter for class com.facebook.react.views.progressbar.ReactProgressBarViewManager
07-06 01:01:15.037  6450  6469 W unknown:ViewManagerPropertyUpdater: Could not find generated setter for class com.facebook.react.views.progressbar.ProgressBarShadowNode
07-06 01:01:15.038  6450  6469 W unknown:ViewManagerPropertyUpdater: Could not find generated setter for class com.facebook.react.views.scroll.ReactHorizontalScrollViewManager
07-06 01:01:15.040  6450  6469 W unknown:ViewManagerPropertyUpdater: Could not find generated setter for class com.facebook.react.views.text.ReactTextViewManager
07-06 01:01:15.041  6450  6469 W unknown:ViewManagerPropertyUpdater: Could not find generated setter for class com.facebook.react.views.text.ReactTextShadowNode
07-06 01:01:15.043  1116  1116 D BaseDepthController: mSurface is null and mCurrentBlur is: 0
07-06 01:01:15.044  6450  6469 W unknown:ViewManagerPropertyUpdater: Could not find generated setter for class com.horcrux.svg.RenderableViewManager$FeColorMatrixManager
07-06 01:01:15.046  6450  6469 W unknown:ViewManagerPropertyUpdater: Could not find generated setter for class com.facebook.react.views.scroll.ReactHorizontalScrollContainerViewManager
07-06 01:01:15.047  6450  6469 W unknown:ViewManagerPropertyUpdater: Could not find generated setter for class com.horcrux.svg.RenderableViewManager$ClipPathViewManager
07-06 01:01:15.049  6450  6469 W unknown:ViewManagerPropertyUpdater: Could not find generated setter for class com.horcrux.svg.RenderableViewManager$SymbolManager
07-06 01:01:15.051  6450  6469 W unknown:ViewManagerPropertyUpdater: Could not find generated setter for class com.horcrux.svg.RenderableViewManager$PatternManager
07-06 01:01:15.053  6450  6469 W unknown:ViewManagerPropertyUpdater: Could not find generated setter for class com.horcrux.svg.RenderableViewManager$FeBlendManager
07-06 01:01:15.055  6450  6469 W unknown:ViewManagerPropertyUpdater: Could not find generated setter for class com.facebook.react.views.view.ReactViewManager
07-06 01:01:15.056  6450  6469 W unknown:ViewManagerPropertyUpdater: Could not find generated setter for class com.horcrux.svg.SvgViewManager
07-06 01:01:15.057  6450  6469 W unknown:ViewManagerPropertyUpdater: Could not find generated setter for class com.facebook.react.views.switchview.ReactSwitchManager
07-06 01:01:15.058  6450  6469 W unknown:ViewManagerPropertyUpdater: Could not find generated setter for class com.facebook.react.views.switchview.ReactSwitchShadowNode
07-06 01:01:15.059  6450  6469 W unknown:ViewManagerPropertyUpdater: Could not find generated setter for class com.horcrux.svg.RenderableViewManager$UseViewManager
07-06 01:01:15.060  6450  6469 W unknown:ViewManagerPropertyUpdater: Could not find generated setter for class com.horcrux.svg.RenderableViewManager$CircleViewManager
07-06 01:01:15.061  1116  1116 D BaseDepthController: mSurface is null and mCurrentBlur is: 0
07-06 01:01:15.062  6450  6469 W unknown:ViewManagerPropertyUpdater: Could not find generated setter for class com.horcrux.svg.RenderableViewManager$TSpanViewManager
07-06 01:01:15.064  6450  6469 W unknown:ViewManagerPropertyUpdater: Could not find generated setter for class com.horcrux.svg.RenderableViewManager$FilterManager
07-06 01:01:15.066  6450  6469 W unknown:ViewManagerPropertyUpdater: Could not find generated setter for class com.horcrux.svg.RenderableViewManager$MarkerManager
07-06 01:01:15.068  6450  6469 W unknown:ViewManagerPropertyUpdater: Could not find generated setter for class com.facebook.react.views.modal.ReactModalHostManager
07-06 01:01:15.070  6450  6469 W unknown:ViewManagerPropertyUpdater: Could not find generated setter for class com.horcrux.svg.RenderableViewManager$ForeignObjectManager
07-06 01:01:15.072  6450  6469 W unknown:ViewManagerPropertyUpdater: Could not find generated setter for class com.horcrux.svg.RenderableViewManager$EllipseViewManager
07-06 01:01:15.075  6450  6469 W unknown:ViewManagerPropertyUpdater: Could not find generated setter for class com.horcrux.svg.RenderableViewManager$LineViewManager
07-06 01:01:15.077  6450  6469 W unknown:ViewManagerPropertyUpdater: Could not find generated setter for class com.facebook.react.views.text.frescosupport.FrescoBasedReactTextInlineImageViewManager
07-06 01:01:15.078  6450  6469 W unknown:ViewManagerPropertyUpdater: Could not find generated setter for class com.facebook.react.views.text.frescosupport.FrescoBasedReactTextInlineImageShadowNode
07-06 01:01:15.080  6450  6469 W unknown:ViewManagerPropertyUpdater: Could not find generated setter for class com.horcrux.svg.RenderableViewManager$FeFloodManager
07-06 01:01:15.081  1116  1116 D BaseDepthController: mSurface is null and mCurrentBlur is: 0
07-06 01:01:15.081  1116  1116 D BaseDepthController: mSurface is null and mCurrentBlur is: 0
07-06 01:01:15.081  6450  6469 W unknown:ViewManagerPropertyUpdater: Could not find generated setter for class com.horcrux.svg.RenderableViewManager$GroupViewManager
07-06 01:01:15.082   956   997 V WindowManagerShell: Transition animation finished (aborted=false), notifying core (#41) android.os.BinderProxy@4b85841@0
07-06 01:01:15.083  6450  6469 W unknown:ViewManagerPropertyUpdater: Could not find generated setter for class com.horcrux.svg.RenderableViewManager$TextViewManager
07-06 01:01:15.084   691   716 V WindowManager: Finish Transition (#41): created at 07-06 01:01:14.495 collect-started=0.022ms request-sent=6.505ms started=17.911ms ready=42.457ms sent=43.82ms commit=15.319ms finished=588.169ms
07-06 01:01:15.087   956   997 V WindowManagerShell: Track 0 became idle
07-06 01:01:15.087   956   997 V WindowManagerShell: All active transition animations finished
07-06 01:01:15.088  6450  6469 W unknown:ViewManagerPropertyUpdater: Could not find generated setter for class com.horcrux.svg.RenderableViewManager$ImageViewManager
07-06 01:01:15.090  6450  6469 W unknown:ViewManagerPropertyUpdater: Could not find generated setter for class com.horcrux.svg.RenderableViewManager$FeCompositeManager
07-06 01:01:15.092  1116  1116 D b/387844520: getOutlineOffsetX: measured width = 198, mNormalizedIconSize = 182, last updated width = 198
07-06 01:01:15.092  6450  6469 W unknown:ViewManagerPropertyUpdater: Could not find generated setter for class com.facebook.react.views.image.ReactImageManager
07-06 01:01:15.093  1116  1116 D VRI[NexusLauncherActivity]: visibilityChanged oldVisibility=true newVisibility=false
07-06 01:01:15.093  1116  1116 D NexusLauncherModelDelegate: notifySmartspaceEvent: SmartspaceTargetEvent{mSmartspaceTarget=null, mSmartspaceActionId='null', mEventType=7}
07-06 01:01:15.094  6450  6469 W unknown:ViewManagerPropertyUpdater: Could not find generated setter for class com.horcrux.svg.RenderableViewManager$RadialGradientManager
07-06 01:01:15.096  6450  6469 W unknown:ViewManagerPropertyUpdater: Could not find generated setter for class com.horcrux.svg.RenderableViewManager$MaskManager
07-06 01:01:15.098  6450  6469 W unknown:ViewManagerPropertyUpdater: Could not find generated setter for class com.facebook.react.views.unimplementedview.ReactUnimplementedViewManager
07-06 01:01:15.099  6450  6469 W unknown:ViewManagerPropertyUpdater: Could not find generated setter for class com.horcrux.svg.RenderableViewManager$RectViewManager
07-06 01:01:15.100  6450  6469 W unknown:ViewManagerPropertyUpdater: Could not find generated setter for class com.horcrux.svg.RenderableViewManager$TextPathViewManager
07-06 01:01:15.102  6450  6469 W unknown:ViewManagerPropertyUpdater: Could not find generated setter for class com.facebook.react.views.scroll.ReactScrollViewManager
07-06 01:01:15.103  1116  1116 D BaseDepthController: setSurface:
07-06 01:01:15.103  1116  1116 D BaseDepthController: 	mWaitingOnSurfaceValidity: false
07-06 01:01:15.103  1116  1116 D BaseDepthController: 	mBaseSurface: null
07-06 01:01:15.104  1116  1116 D BaseDepthController: mSurface is null and mCurrentBlur is: 0
07-06 01:01:15.104  1116  1116 D StateManager: goToState - fromState: Normal, toState: Normal, partial trace:
07-06 01:01:15.104  1116  1116 D StateManager: 	at com.android.launcher3.statemanager.StateManager.moveToRestState(go/retraceme ee19ec8c009da7af1d458e7d1683a6f5bf3b93b44f6674aa108e1a3e78584fe0:4)
07-06 01:01:15.104  1116  1116 D StateManager: 	at com.android.launcher3.statemanager.StateManager.moveToRestState(go/retraceme ee19ec8c009da7af1d458e7d1683a6f5bf3b93b44f6674aa108e1a3e78584fe0:1)
07-06 01:01:15.104  1116  1116 D StateManager: 	at com.android.launcher3.statemanager.StatefulActivity.onStop(go/retraceme ee19ec8c009da7af1d458e7d1683a6f5bf3b93b44f6674aa108e1a3e78584fe0:34)
07-06 01:01:15.104  1116  1116 D StatsLog: LAUNCHER_ONSTOP
07-06 01:01:15.104  6450  6469 W unknown:ViewManagerPropertyUpdater: Could not find generated setter for class com.horcrux.svg.RenderableViewManager$FeOffsetManager
07-06 01:01:15.105  1116  1116 D StatsLog: LAUNCHER_GOOGLE_SEARCH_RESTORE_LIST_SIZE_AFTER_ACTIVITY_RESTART
07-06 01:01:15.108   691   912 D BackgroundInstallControlService: Package event received: 0
07-06 01:01:15.109  6450  6469 W unknown:ViewManagerPropertyUpdater: Could not find generated setter for class com.horcrux.svg.RenderableViewManager$PathViewManager
07-06 01:01:15.110  6450  6469 W unknown:ViewManagerPropertyUpdater: Could not find generated setter for class com.facebook.react.views.drawer.ReactDrawerLayoutManager
07-06 01:01:15.112  6450  6469 W unknown:ViewManagerPropertyUpdater: Could not find generated setter for class com.facebook.react.views.text.ReactVirtualTextViewManager
07-06 01:01:15.113  6450  6469 W unknown:ViewManagerPropertyUpdater: Could not find generated setter for class com.facebook.react.views.text.ReactVirtualTextShadowNode
07-06 01:01:15.113  6450  6469 W unknown:ViewManagerPropertyUpdater: Could not find generated setter for class com.facebook.react.views.swiperefresh.SwipeRefreshLayoutManager
07-06 01:01:15.115  6450  6469 W unknown:ViewManagerPropertyUpdater: Could not find generated setter for class com.facebook.react.views.text.ReactRawTextManager
07-06 01:01:15.115  6450  6469 W unknown:ViewManagerPropertyUpdater: Could not find generated setter for class com.facebook.react.views.text.ReactRawTextShadowNode
07-06 01:01:15.115  6450  6469 W unknown:ViewManagerPropertyUpdater: Could not find generated setter for class com.facebook.react.views.textinput.ReactTextInputManager
07-06 01:01:15.116  6450  6469 W unknown:ViewManagerPropertyUpdater: Could not find generated setter for class com.facebook.react.views.textinput.ReactTextInputShadowNode
07-06 01:01:15.120  6450  6469 W BridgelessReactContext: [WARNING] Bridgeless doesn't support CatalystInstance. Accessing an API that's not part of the new architecture is not encouraged usage.
07-06 01:01:15.125  6450  6469 I ExpoModulesCore: ✅ JSI interop was installed
07-06 01:01:15.127  6450  6469 I ExpoModulesCore: ✅ Constants were exported
07-06 01:01:15.156  6450  6469 D nativeloader: Load /data/app/~~66UPAKLFdaKcHYjH4eTDfA==/com.pat33.SmartExpenseTracker-qaPChqIbJwC8NwF2S-qLIw==/base.apk!/lib/x86_64/librnscreens.so using class loader ns clns-9 (caller=/data/app/~~66UPAKLFdaKcHYjH4eTDfA==/com.pat33.SmartExpenseTracker-qaPChqIbJwC8NwF2S-qLIw==/base.apk!classes2.dex): ok
07-06 01:01:15.156   613   613 W IPCThreadState: Sending oneway calls to frozen process.
07-06 01:01:15.157   613   613 W IPCThreadState: Sending oneway calls to frozen process.
07-06 01:01:15.163   956  1025 W WindowOnBackDispatcher: sendCancelIfRunning: isInProgress=false callback=android.view.ViewRootImpl$$ExternalSyntheticLambda13@5ecd1ca
07-06 01:01:15.163   691  1844 D CoreBackPreview: Window{8116c23 u0 Splash Screen com.pat33.SmartExpenseTracker EXITING}: Setting back callback null
07-06 01:01:15.166  6450  6469 D nativeloader: Load /data/app/~~66UPAKLFdaKcHYjH4eTDfA==/com.pat33.SmartExpenseTracker-qaPChqIbJwC8NwF2S-qLIw==/base.apk!/lib/x86_64/libworklets.so using class loader ns clns-9 (caller=/data/app/~~66UPAKLFdaKcHYjH4eTDfA==/com.pat33.SmartExpenseTracker-qaPChqIbJwC8NwF2S-qLIw==/base.apk): ok
07-06 01:01:15.175  6450  6469 D nativeloader: Load /data/app/~~66UPAKLFdaKcHYjH4eTDfA==/com.pat33.SmartExpenseTracker-qaPChqIbJwC8NwF2S-qLIw==/base.apk!/lib/x86_64/libreanimated.so using class loader ns clns-9 (caller=/data/app/~~66UPAKLFdaKcHYjH4eTDfA==/com.pat33.SmartExpenseTracker-qaPChqIbJwC8NwF2S-qLIw==/base.apk): ok
07-06 01:01:15.177  6450  6469 W System.err: java.lang.NoSuchFieldException: No field mIsFinished in class Lcom/facebook/react/bridge/queue/MessageQueueThreadImpl; (declaration of 'com.facebook.react.bridge.queue.MessageQueueThreadImpl' appears in /data/app/~~66UPAKLFdaKcHYjH4eTDfA==/com.pat33.SmartExpenseTracker-qaPChqIbJwC8NwF2S-qLIw==/base.apk)
07-06 01:01:15.178  6450  6469 W System.err: 	at java.lang.Class.getDeclaredField(Native Method)
07-06 01:01:15.178  6450  6469 W System.err: 	at com.swmansion.worklets.WorkletsMessageQueueThreadBase.quitSynchronous(WorkletsMessageQueueThreadBase.java:54)
07-06 01:01:15.178  6450  6469 W System.err: 	at com.swmansion.reanimated.NativeProxy.initHybrid(Native Method)
07-06 01:01:15.178  6450  6469 W System.err: 	at com.swmansion.reanimated.NativeProxy.<init>(NativeProxy.java:47)
07-06 01:01:15.178  6450  6469 W System.err: 	at com.swmansion.reanimated.NodesManager.initWithContext(NodesManager.java:148)
07-06 01:01:15.178  6450  6469 W System.err: 	at com.swmansion.reanimated.ReanimatedModule.installTurboModule(ReanimatedModule.java:159)
07-06 01:01:15.178  6450  6469 W System.err: 	at com.facebook.jni.NativeRunnable.run(Native Method)
07-06 01:01:15.178  6450  6469 W System.err: 	at android.os.Handler.handleCallback(Handler.java:995)
07-06 01:01:15.178  6450  6469 W System.err: 	at android.os.Handler.dispatchMessage(Handler.java:103)
07-06 01:01:15.178  6450  6469 W System.err: 	at com.facebook.react.bridge.queue.MessageQueueThreadHandler.dispatchMessage(MessageQueueThreadHandler.kt:20)
07-06 01:01:15.178  6450  6469 W System.err: 	at android.os.Looper.loopOnce(Looper.java:248)
07-06 01:01:15.178  6450  6469 W System.err: 	at android.os.Looper.loop(Looper.java:338)
07-06 01:01:15.178  6450  6469 W System.err: 	at com.facebook.react.bridge.queue.MessageQueueThreadImpl$Companion.startNewBackgroundThread$lambda$1(MessageQueueThreadImpl.kt:175)
07-06 01:01:15.178  6450  6469 W System.err: 	at com.facebook.react.bridge.queue.MessageQueueThreadImpl$Companion.$r8$lambda$ldnZnqelhYFctGaUKkOKYj5rxo4(Unknown Source:0)
07-06 01:01:15.178  6450  6469 W System.err: 	at com.facebook.react.bridge.queue.MessageQueueThreadImpl$Companion$$ExternalSyntheticLambda0.run(D8$$SyntheticClass:0)
07-06 01:01:15.178  6450  6469 W System.err: 	at java.lang.Thread.run(Thread.java:1119)
07-06 01:01:15.210  6450  6469 E ReactNativeJS: [runtime not ready]: Invariant Violation: TurboModuleRegistry.getEnforcing(...): 'RNGestureHandlerModule' could not be found. Verify that a module by this name is registered in the native binary., js engine: hermes
07-06 01:01:15.212  6450  6469 W unknown:BridgelessReact: ReactHost{0}.handleHostException(message = "[runtime not ready]: Invariant Violation: TurboModuleRegistry.getEnforcing(...): 'RNGestureHandlerModule' could not be found. Verify that a module by this name is registered in the native binary., js engine: hermes, stack:
07-06 01:01:15.212  6450  6469 W unknown:BridgelessReact: invariant@1:167055
07-06 01:01:15.212  6450  6469 W unknown:BridgelessReact: getEnforcing@1:166898
07-06 01:01:15.212  6450  6469 W unknown:BridgelessReact: anonymous@1:1351015
07-06 01:01:15.212  6450  6469 W unknown:BridgelessReact: loadModuleImplementation@1:47929
07-06 01:01:15.212  6450  6469 W unknown:BridgelessReact: guardedLoadModule@1:47459
07-06 01:01:15.212  6450  6469 W unknown:BridgelessReact: metroRequire@1:47089
07-06 01:01:15.212  6450  6469 W unknown:BridgelessReact: anonymous@1:1350916
07-06 01:01:15.212  6450  6469 W unknown:BridgelessReact: loadModuleImplementation@1:47929
07-06 01:01:15.212  6450  6469 W unknown:BridgelessReact: guardedLoadModule@1:47459
07-06 01:01:15.212  6450  6469 W unknown:BridgelessReact: metroRequire@1:47089
07-06 01:01:15.212  6450  6469 W unknown:BridgelessReact: anonymous@1:1077398
07-06 01:01:15.212  6450  6469 W unknown:BridgelessReact: loadModuleImplementation@1:47929
07-06 01:01:15.212  6450  6469 W unknown:BridgelessReact: guardedLoadModule@1:47459
07-06 01:01:15.212  6450  6469 W unknown:BridgelessReact: metroRequire@1:47089
07-06 01:01:15.212  6450  6469 W unknown:BridgelessReact: anonymous@1:1076257
07-06 01:01:15.212  6450  6469 W unknown:BridgelessReact: loadModuleImplementation@1:47929
07-06 01:01:15.212  6450  6469 W unknown:BridgelessReact: guardedLoadModule@1:47459
07-06 01:01:15.212  6450  6469 W unknown:BridgelessReact: metroRequire@1:47089
07-06 01:01:15.212  6450  6469 W unknown:BridgelessReact: anonymous@1:1074189
07-06 01:01:15.212  6450  6469 W unknown:BridgelessReact: loadModuleImplementation@1:47929
07-06 01:01:15.212  6450  6469 W unknown:BridgelessReact: guardedLoadModule@1:47459
07-06 01:01:15.212  6450  6469 W unknown:BridgelessReact: metroRequire@1:47089
07-06 01:01:15.212  6450  6469 W unknown:BridgelessReact: anonymous@1:1073845
07-06 01:01:15.212  6450  6469 W unknown:BridgelessReact: loadModuleImplementation@1:47929
07-06 01:01:15.212  6450  6469 W unknown:BridgelessReact: guardedLoadModule@1:47459
07-06 01:01:15.212  6450  6469 W unknown:BridgelessReact: metroRequire@1:47089
07-06 01:01:15.212  6450  6469 W unknown:BridgelessReact: anonymous@1:1068074
07-06 01:01:15.212  6450  6469 W unknown:BridgelessReact: loadModuleImplementation@1:47929
07-06 01:01:15.212  6450  6469 W unknown:BridgelessReact: guardedLoadModule@1:47459
07-06 01:01:15.212  6450  6469 W unknown:BridgelessReact: metroRequire@1:47089
07-06 01:01:15.212  6450  6469 W unknown:BridgelessReact: anonymous@1:1066752
07-06 01:01:15.212  6450  6469 W unknown:BridgelessReact: loadModuleImplementation@1:47929
07-06 01:01:15.212  6450  6469 W unknown:BridgelessReact: guardedLoadModule@1:47459
07-06 01:01:15.212  6450  6469 W unknown:BridgelessReact: metroRequire@1:47089
07-06 01:01:15.212  6450  6469 W unknown:BridgelessReact: anonymous@1:1059313
07-06 01:01:15.212  6450  6469 W unknown:BridgelessReact: loadModuleImplementation@1:47929
07-06 01:01:15.212  6450  6469 W unknown:BridgelessReact: guardedLoadModule@1:47459
07-06 01:01:15.212  6450  6469 W unknown:BridgelessReact: metroRequire@1:47089
07-06 01:01:15.212  6450  6469 W unknown:BridgelessReact: anonymous@1:851229
07-06 01:01:15.212  6450  6469 W unknown:BridgelessReact: loadModuleImplementation@1:47929
07-06 01:01:15.212  6450  6469 W unknown:BridgelessReact: guardedLoadModule@1:47459
07-06 01:01:15.212  6450  6469 W unknown:BridgelessReact: metroRequire@1:47089
07-06 01:01:15.212  6450  6469 W unknown:BridgelessReact: anonymous@1:849931
07-06 01:01:15.212  6450  6469 W unknown:BridgelessReact: loadModuleImplementation@1:47929
07-06 01:01:15.212  6450  6469 W unknown:BridgelessReact: guardedLoadModule@1:47459
07-06 01:01:15.212  6450  6469 W unknown:BridgelessReact: metroRequire@1:47089
07-06 01:01:15.212  6450  6469 W unknown:BridgelessReact: anonymous@1:100308
07-06 01:01:15.212  6450  6469 W unknown:BridgelessReact: loadModuleImplementation@1:47929
07-06 01:01:15.212  6450  6469 W unknown:BridgelessReact: guardedLoadModule@1:47416
07-06 01:01:15.212  6450  6469 W unknown:BridgelessReact: metroRequire@1:47089
07-06 01:01:15.212  6450  6469 W unknown:BridgelessReact: global@1:46617
07-06 01:01:15.212  6450  6469 W unknown:BridgelessReact: ")
07-06 01:01:15.213  6450  6469 E libc++abi: terminating due to uncaught exception of type facebook::jni::JniException: com.facebook.react.common.JavascriptException: [runtime not ready]: Invariant Violation: TurboModuleRegistry.getEnforcing(...): 'RNGestureHandlerModule' could not be found. Verify that a module by this name is registered in the native binary., js engine: hermes, stack:
07-06 01:01:15.213  6450  6469 E libc++abi: invariant@1:167055
07-06 01:01:15.213  6450  6469 E libc++abi: getEnforcing@1:166898
07-06 01:01:15.213  6450  6469 E libc++abi: anonymous@1:1351015
07-06 01:01:15.213  6450  6469 E libc++abi: loadModuleImplementation@1:47929
07-06 01:01:15.213  6450  6469 E libc++abi: guardedLoadModule@1:47459
07-06 01:01:15.213  6450  6469 E libc++abi: metroRequire@1:47089
07-06 01:01:15.213  6450  6469 E libc++abi: anonymous@1:1350916
07-06 01:01:15.213  6450  6469 E libc++abi: loadModuleImplementation@1:47929
07-06 01:01:15.213  6450  6469 E libc++abi: guardedLoadModule@1:47459
07-06 01:01:15.213  6450  6469 E libc++abi: metroRequire@1:47089
07-06 01:01:15.213  6450  6469 E libc++abi: anonymous@1:1077398
07-06 01:01:15.213  6450  6469 E libc++abi: loadModuleImplementation@1:47929
07-06 01:01:15.213  6450  6469 E libc++abi: guardedLoadModule@1:47459
07-06 01:01:15.213  6450  6469 E libc++abi: metroRequire@1:47089
07-06 01:01:15.213  6450  6469 E libc++abi: anonymous@1:1076257
07-06 01:01:15.213  6450  6469 E libc++abi: loadModuleImplementation@1:47929
07-06 01:01:15.213  6450  6469 E libc++abi: guardedLoadModule@1:47459
07-06 01:01:15.213  6450  6469 E libc++abi: metroRequire@1:47089
07-06 01:01:15.213  6450  6469 E libc++abi: anonymous@1:1074189
07-06 01:01:15.213  6450  6469 E libc++abi: loadModuleImplementation@1:47929
07-06 01:01:15.213  6450  6469 E libc++abi: guardedLoadModule@1:47459
07-06 01:01:15.213  6450  6469 E libc++abi: metroRequire@1:47089
07-06 01:01:15.213  6450  6469 E libc++abi: anonymous@1:1073845
07-06 01:01:15.213  6450  6469 E libc++abi: loadModuleImplementation@1:47929
07-06 01:01:15.213  6450  6469 E libc++abi: guardedLoadModule@1:47459
07-06 01:01:15.213  6450  6469 E libc++abi: metroRequire@1:47089
07-06 01:01:15.213  6450  6469 E libc++abi: anonymous@1:1068074
07-06 01:01:15.213  6450  6469 E libc++abi: loadModuleImpleme
--------- beginning of crash
07-06 01:01:15.213  6450  6469 F libc    : Fatal signal 6 (SIGABRT), code -1 (SI_QUEUE) in tid 6469 (mqt_v_js), pid 6450 (tExpenseTracker)
07-06 01:01:15.263  6488  6488 I crash_dump64: obtaining output fd from tombstoned, type: kDebuggerdTombstoneProto
07-06 01:01:15.267   286   286 I tombstoned: received crash request for pid 6469
07-06 01:01:15.270  6488  6488 I crash_dump64: performing dump of process 6450 (target tid = 6469)
07-06 01:01:15.286   956   963 W System  : A resource failed to call release. 
07-06 01:01:15.286   956   963 W System  : A resource failed to call release. 
07-06 01:01:15.286   956   963 W System  : A resource failed to call release. 
07-06 01:01:15.286   956   963 W System  : A resource failed to call release. 
07-06 01:01:15.286  1299  2299 I FontLog : (REDACTED) Received query %s, URI %s
07-06 01:01:15.286  1299  2299 I FontLog : (REDACTED) Query [%s] resolved to %s
07-06 01:01:15.287   956   963 W System  : A resource failed to call release. 
07-06 01:01:15.287   956   963 W System  : A resource failed to call release. 
07-06 01:01:15.287   956   963 W System  : A resource failed to call release. 
07-06 01:01:15.287   956   963 W System  : A resource failed to call release. 
07-06 01:01:15.287   956   963 W System  : A resource failed to call release. 
07-06 01:01:15.287  1299  2299 I FontLog : (REDACTED) Fetch %s end status %s
07-06 01:01:15.288   956   963 W System  : A resource failed to call release. 
07-06 01:01:15.288   956   963 W System  : A resource failed to call release. 
07-06 01:01:15.288   956   963 W System  : A resource failed to call release. 
07-06 01:01:15.288   956   963 W System  : A resource failed to call release. 
07-06 01:01:15.288   956   963 W System  : A resource failed to call release. 
07-06 01:01:15.288   956   963 W System  : A resource failed to call release. 
07-06 01:01:15.288   956   963 W System  : A resource failed to call release. 
07-06 01:01:15.290  1299  1435 I FontLog : (REDACTED) Pulling font file for id = %d, cache size = %d
07-06 01:01:15.312  1299  1435 I FontLog : (REDACTED) Pulling font file for id = %d, cache size = %d
07-06 01:01:15.518  6488  6488 F DEBUG   : *** *** *** *** *** *** *** *** *** *** *** *** *** *** *** ***
07-06 01:01:15.518  6488  6488 F DEBUG   : Build fingerprint: 'google/sdk_gphone64_x86_64/emu64xa:16/BP22.250325.006/13344233:user/release-keys'
07-06 01:01:15.518  6488  6488 F DEBUG   : Revision: '0'
07-06 01:01:15.518  6488  6488 F DEBUG   : ABI: 'x86_64'
07-06 01:01:15.518  6488  6488 F DEBUG   : Timestamp: 2025-07-06 01:01:15.278369732-0700
07-06 01:01:15.518  6488  6488 F DEBUG   : Process uptime: 2s
07-06 01:01:15.518  6488  6488 F DEBUG   : Cmdline: com.pat33.SmartExpenseTracker
07-06 01:01:15.518  6488  6488 F DEBUG   : pid: 6450, tid: 6469, name: mqt_v_js  >>> com.pat33.SmartExpenseTracker <<<
07-06 01:01:15.518  6488  6488 F DEBUG   : uid: 10217
07-06 01:01:15.518  6488  6488 F DEBUG   : signal 6 (SIGABRT), code -1 (SI_QUEUE), fault addr --------
07-06 01:01:15.518  6488  6488 F DEBUG   : Abort message: 'terminating due to uncaught exception of type facebook::jni::JniException: com.facebook.react.common.JavascriptException: [runtime not ready]: Invariant Violation: TurboModuleRegistry.getEnforcing(...): 'RNGestureHandlerModule' could not be found. Verify that a module by this name is registered in the native binary., js engine: hermes, stack:
07-06 01:01:15.518  6488  6488 F DEBUG   : invariant@1:167055
07-06 01:01:15.518  6488  6488 F DEBUG   : getEnforcing@1:166898
07-06 01:01:15.518  6488  6488 F DEBUG   : anonymous@1:1351015
07-06 01:01:15.518  6488  6488 F DEBUG   : loadModuleImplementation@1:47929
07-06 01:01:15.518  6488  6488 F DEBUG   : guardedLoadModule@1:47459
07-06 01:01:15.518  6488  6488 F DEBUG   : metroRequire@1:47089
07-06 01:01:15.518  6488  6488 F DEBUG   : anonymous@1:1350916
07-06 01:01:15.518  6488  6488 F DEBUG   : loadModuleImplementation@1:47929
07-06 01:01:15.518  6488  6488 F DEBUG   : guardedLoadModule@1:47459
07-06 01:01:15.518  6488  6488 F DEBUG   : metroRequire@1:47089
07-06 01:01:15.518  6488  6488 F DEBUG   : anonymous@1:1077398
07-06 01:01:15.518  6488  6488 F DEBUG   : loadModuleImplementation@1:47929
07-06 01:01:15.518  6488  6488 F DEBUG   : guardedLoadModule@1:47459
07-06 01:01:15.518  6488  6488 F DEBUG   : metroRequire@1:47089
07-06 01:01:15.518  6488  6488 F DEBUG   : anonymous@1:1076257
07-06 01:01:15.518  6488  6488 F DEBUG   : loadModuleImplementation@1:47929
07-06 01:01:15.518  6488  6488 F DEBUG   : guardedLoadModule@1:47459
07-06 01:01:15.518  6488  6488 F DEBUG   : metroRequire@1:47089
07-06 01:01:15.518  6488  6488 F DEBUG   : anonymous@1:1074189
07-06 01:01:15.518  6488  6488 F DEBUG   : loadModuleImplementation@1:47929
07-06 01:01:15.518  6488  6488 F DEBUG   : guardedLoadModule@1:47459
07-06 01:01:15.518  6488  6488 F DEBUG   : metroRequire@1:47089
07-06 01:01:15.518  6488  6488 F DEBUG   : anonymous@1:1073845
07-06 01:01:15.518  6488  6488 F DEBUG   : loadModuleImplementation@1:47929
07-06 01:01:15.518  6488  6488 F DEBUG   : guardedLoadModule@1:47459
07-06 01:01:15.518  6488  6488 F DEBUG   : metroRequire@1:47089
07-06 01:01:15.518  6488  6488 F DEBUG   : anonymous@1:1068074
07-06 01:01:15.518  6488  6488 F DEBUG   : loadModuleImplementation@1:47929
07-06 01:01:15.518  6488  6488 F DEBUG   : guardedLoadModule@1:47459
07-06 01:01:15.518  6488  6488 F DEBUG   : metroRequire@1:47089
07-06 01:01:15.518  6488  6488 F DEBUG   : anonymous@1:1066752
07-06 01:01:15.518  6488  6488 F DEBUG   : loadModuleImplementation@1:47929
07-06 01:01:15.518  6488  6488 F DEBUG   : guardedLoadModule@1:47459
07-06 01:01:15.518  6488  6488 F DEBUG   : metroRequire@1:47089
07-06 01:01:15.518  6488  6488 F DEBUG   : anonymous@1:1059313
07-06 01:01:15.518  6488  6488 F DEBUG   : loadModuleImplementation@1:47929
07-06 01:01:15.518  6488  6488 F DEBUG   : guardedLoadModule@1:47459
07-06 01:01:15.518  6488  6488 F DEBUG   : metroRequire@1:47089
07-06 01:01:15.518  6488  6488 F DEBUG   : anonymous@1:851229
07-06 01:01:15.518  6488  6488 F DEBUG   : loadModuleImplementation@1:47929
07-06 01:01:15.518  6488  6488 F DEBUG   : guardedLoadModule@1:47459
07-06 01:01:15.518  6488  6488 F DEBUG   : metroRequire@1:47089
07-06 01:01:15.518  6488  6488 F DEBUG   : anonymous@1:849931
07-06 01:01:15.518  6488  6488 F DEBUG   : loadModuleImplementation@1:47929
07-06 01:01:15.518  6488  6488 F DEBUG   : guardedLoadModule@1:47459
07-06 01:01:15.518  6488  6488 F DEBUG   : metroRequire@1:47089
07-06 01:01:15.518  6488  6488 F DEBUG   : anonymous@1:100308
07-06 01:01:15.518  6488  6488 F DEBUG   : loadModuleImplementation@1:47929
07-06 01:01:15.518  6488  6488 F DEBUG   : guardedLoadModule@1:47416
07-06 01:01:15.518  6488  6488 F DEBUG   : metroRequire@1:47089
07-06 01:01:15.518  6488  6488 F DEBUG   : global@1:46617
07-06 01:01:15.518  6488  6488 F DEBUG   : 
07-06 01:01:15.518  6488  6488 F DEBUG   : 	at com.facebook.react.modules.core.ExceptionsManagerModule.reportException(ExceptionsManagerModule.kt:52)
07-06 01:01:15.518  6488  6488 F DEBUG   : 	at com.facebook.react.runtime.ReactInstance$ReactJsExceptionHandlerImpl.reportJsException(ReactInstance.java:332)
07-06 01:01:15.518  6488  6488 F DEBUG   : 	at com.facebook.jni.NativeRunnable.run(Native Method)
07-06 01:01:15.518  6488  6488 F DEBUG   : 	at android.os.Handler.handleCallback(Handler.java:995)
07-06 01:01:15.518  6488  6488 F DEBUG   : 	at android.os.Handler.dispatchMessage(Handler.java:103)
07-06 01:01:15.518  6488  6488 F DEBUG   : 	at com.facebook.react.bridge.queue.MessageQueueThreadHandler.dispatchMessage(MessageQueueThreadHandler.kt:20)
07-06 01:01:15.518  6488  6488 F DEBUG   : 	at android.os.Looper.loopOnce(Looper.java:248)
07-06 01:01:15.518  6488  6488 F DEBUG   : 	at android.os.Looper.loop(Looper.java:338)
07-06 01:01:15.518  6488  6488 F DEBUG   : 	at com.facebook.react.bridge.queue.MessageQueueThreadImpl$Companion.startNewBackgroundThread$lambda$1(MessageQueueThreadImpl.kt:175)
07-06 01:01:15.518  6488  6488 F DEBUG   : 	at com.facebook.react.bridge.queue.MessageQueueThreadImpl$Companion.$r8$lambda$ldnZnqelhYFctGaUKkOKYj5rxo4(Unknown Source:0)
07-06 01:01:15.518  6488  6488 F DEBUG   : 	at com.facebook.react.bridge.queue.MessageQueueThreadImpl$Companion$$ExternalSyntheticLambda0.run(D8$$SyntheticClass:0)
07-06 01:01:15.518  6488  6488 F DEBUG   : 	at java.lang.Thread.run(Thread.java:1119)'
07-06 01:01:15.518  6488  6488 F DEBUG   :     rax 0000000000000000  rbx 0000000000001932  rcx 00007064568e7424  rdx 0000000000000006
07-06 01:01:15.518  6488  6488 F DEBUG   :     r8  0000000000000000  r9  0000000000000000  r10 00007061092c6c80  r11 0000000000000207
07-06 01:01:15.518  6488  6488 F DEBUG   :     r12 00007061092c6e40  r13 0000003000000008  r14 0000000000001945  r15 00007061092c6d60
07-06 01:01:15.518  6488  6488 F DEBUG   :     rdi 0000000000001932  rsi 0000000000001945
07-06 01:01:15.518  6488  6488 F DEBUG   :     rbp 00007061092c6d20  rsp 00007061092c6c80  rip 00007064568e7424
07-06 01:01:15.518  6488  6488 F DEBUG   : 48 total frames
07-06 01:01:15.518  6488  6488 F DEBUG   : backtrace:
07-06 01:01:15.518  6488  6488 F DEBUG   :       #00 pc 000000000006a424  /apex/com.android.runtime/lib64/bionic/libc.so (abort+196) (BuildId: fcb82240218d1473de1e3d2137c0be35)
07-06 01:01:15.518  6488  6488 F DEBUG   :       #01 pc 000000000009dc6f  /data/app/~~66UPAKLFdaKcHYjH4eTDfA==/com.pat33.SmartExpenseTracker-qaPChqIbJwC8NwF2S-qLIw==/base.apk!libc++_shared.so (offset 0x387c000) (BuildId: 734ab2eaa203afbb89147d313e46146617bd1a2c)
07-06 01:01:15.518  6488  6488 F DEBUG   :       #02 pc 000000000009cb0a  /data/app/~~66UPAKLFdaKcHYjH4eTDfA==/com.pat33.SmartExpenseTracker-qaPChqIbJwC8NwF2S-qLIw==/base.apk!libc++_shared.so (offset 0x387c000) (BuildId: 734ab2eaa203afbb89147d313e46146617bd1a2c)
07-06 01:01:15.519  6488  6488 F DEBUG   :       #03 pc 000000000009cf12  /data/app/~~66UPAKLFdaKcHYjH4eTDfA==/com.pat33.SmartExpenseTracker-qaPChqIbJwC8NwF2S-qLIw==/base.apk!libc++_shared.so (offset 0x387c000) (BuildId: 734ab2eaa203afbb89147d313e46146617bd1a2c)
07-06 01:01:15.519  6488  6488 F DEBUG   :       #04 pc 000000000009cec7  /data/app/~~66UPAKLFdaKcHYjH4eTDfA==/com.pat33.SmartExpenseTracker-qaPChqIbJwC8NwF2S-qLIw==/base.apk!libc++_shared.so (offset 0x387c000) (std::terminate()+55) (BuildId: 734ab2eaa203afbb89147d313e46146617bd1a2c)
07-06 01:01:15.519  6488  6488 F DEBUG   :       #05 pc 0000000000327c9a  /data/app/~~66UPAKLFdaKcHYjH4eTDfA==/com.pat33.SmartExpenseTracker-qaPChqIbJwC8NwF2S-qLIw==/base.apk!libreactnative.so (offset 0x4074000) (BuildId: 3b78676f1c1ed8c9)
07-06 01:01:15.519  6488  6488 F DEBUG   :       #06 pc 00000000005519cf  /data/app/~~66UPAKLFdaKcHYjH4eTDfA==/com.pat33.SmartExpenseTracker-qaPChqIbJwC8NwF2S-qLIw==/base.apk!libreactnative.so (offset 0x4074000) (BuildId: 3b78676f1c1ed8c9)
07-06 01:01:15.519  6488  6488 F DEBUG   :       #07 pc 0000000000384379  /data/app/~~66UPAKLFdaKcHYjH4eTDfA==/com.pat33.SmartExpenseTracker-qaPChqIbJwC8NwF2S-qLIw==/base.apk!libreactnative.so (offset 0x4074000) (facebook::react::JsErrorHandler::handleErrorWithCppPipeline(facebook::jsi::Runtime&, facebook::jsi::JSError&, bool, bool)+6761) (BuildId: 3b78676f1c1ed8c9)
07-06 01:01:15.519  6488  6488 F DEBUG   :       #08 pc 000000000038262c  /data/app/~~66UPAKLFdaKcHYjH4eTDfA==/com.pat33.SmartExpenseTracker-qaPChqIbJwC8NwF2S-qLIw==/base.apk!libreactnative.so (offset 0x4074000) (facebook::react::JsErrorHandler::handleError(facebook::jsi::Runtime&, facebook::jsi::JSError&, bool, bool)+1372) (BuildId: 3b78676f1c1ed8c9)
07-06 01:01:15.519  6488  6488 F DEBUG   :       #09 pc 0000000000332929  /data/app/~~66UPAKLFdaKcHYjH4eTDfA==/com.pat33.SmartExpenseTracker-qaPChqIbJwC8NwF2S-qLIw==/base.apk!libreactnative.so (offset 0x4074000) (BuildId: 3b78676f1c1ed8c9)
07-06 01:01:15.519  6488  6488 F DEBUG   :       #10 pc 00000000000bc95c  /data/app/~~66UPAKLFdaKcHYjH4eTDfA==/com.pat33.SmartExpenseTracker-qaPChqIbJwC8NwF2S-qLIw==/base.apk!libhermes.so (offset 0x3b60000) (BuildId: 92ce7ee6e3c3614b9e7cd70fc97d611c5f1ae4d3)
07-06 01:01:15.519  6488  6488 F DEBUG   :       #11 pc 00000000000bc59a  /data/app/~~66UPAKLFdaKcHYjH4eTDfA==/com.pat33.SmartExpenseTracker-qaPChqIbJwC8NwF2S-qLIw==/base.apk!libhermes.so (offset 0x3b60000) (BuildId: 92ce7ee6e3c3614b9e7cd70fc97d611c5f1ae4d3)
07-06 01:01:15.519  6488  6488 F DEBUG   :       #12 pc 00000000000c3217  /data/app/~~66UPAKLFdaKcHYjH4eTDfA==/com.pat33.SmartExpenseTracker-qaPChqIbJwC8NwF2S-qLIw==/base.apk!libhermes.so (offset 0x3b60000) (BuildId: 92ce7ee6e3c3614b9e7cd70fc97d611c5f1ae4d3)
07-06 01:01:15.519  6488  6488 F DEBUG   :       #13 pc 00000000000d384f  /data/app/~~66UPAKLFdaKcHYjH4eTDfA==/com.pat33.SmartExpenseTracker-qaPChqIbJwC8NwF2S-qLIw==/base.apk!libhermes.so (offset 0x3b60000) (BuildId: 92ce7ee6e3c3614b9e7cd70fc97d611c5f1ae4d3)
07-06 01:01:15.519  6488  6488 F DEBUG   :       #14 pc 00000000000d51d8  /data/app/~~66UPAKLFdaKcHYjH4eTDfA==/com.pat33.SmartExpenseTracker-qaPChqIbJwC8NwF2S-qLIw==/base.apk!libhermes.so (offset 0x3b60000) (BuildId: 92ce7ee6e3c3614b9e7cd70fc97d611c5f1ae4d3)
07-06 01:01:15.519  6488  6488 F DEBUG   :       #15 pc 00000000000d49ea  /data/app/~~66UPAKLFdaKcHYjH4eTDfA==/com.pat33.SmartExpenseTracker-qaPChqIbJwC8NwF2S-qLIw==/base.apk!libhermes.so (offset 0x3b60000) (BuildId: 92ce7ee6e3c3614b9e7cd70fc97d611c5f1ae4d3)
07-06 01:01:15.519  6488  6488 F DEBUG   :       #16 pc 00000000001086af  /data/app/~~66UPAKLFdaKcHYjH4eTDfA==/com.pat33.SmartExpenseTracker-qaPChqIbJwC8NwF2S-qLIw==/base.apk!libhermes.so (offset 0x3b60000) (BuildId: 92ce7ee6e3c3614b9e7cd70fc97d611c5f1ae4d3)
07-06 01:01:15.519  6488  6488 F DEBUG   :       #17 pc 00000000000af528  /data/app/~~66UPAKLFdaKcHYjH4eTDfA==/com.pat33.SmartExpenseTracker-qaPChqIbJwC8NwF2S-qLIw==/base.apk!libhermes.so (offset 0x3b60000) (BuildId: 92ce7ee6e3c3614b9e7cd70fc97d611c5f1ae4d3)
07-06 01:01:15.519  6488  6488 F DEBUG   :       #18 pc 00000000000af38b  /data/app/~~66UPAKLFdaKcHYjH4eTDfA==/com.pat33.SmartExpenseTracker-qaPChqIbJwC8NwF2S-qLIw==/base.apk!libhermes.so (offset 0x3b60000) (BuildId: 92ce7ee6e3c3614b9e7cd70fc97d611c5f1ae4d3)
07-06 01:01:15.519  6488  6488 F DEBUG   :       #19 pc 00000000000b065c  /data/app/~~66UPAKLFdaKcHYjH4eTDfA==/com.pat33.SmartExpenseTracker-qaPChqIbJwC8NwF2S-qLIw==/base.apk!libhermes.so (offset 0x3b60000) (BuildId: 92ce7ee6e3c3614b9e7cd70fc97d611c5f1ae4d3)
07-06 01:01:15.519  6488  6488 F DEBUG   :       #20 pc 000000000032e10a  /data/app/~~66UPAKLFdaKcHYjH4eTDfA==/com.pat33.SmartExpenseTracker-qaPChqIbJwC8NwF2S-qLIw==/base.apk!libreactnative.so (offset 0x4074000) (BuildId: 3b78676f1c1ed8c9)
07-06 01:01:15.519  6488  6488 F DEBUG   :       #21 pc 00000000004eeda9  /data/app/~~66UPAKLFdaKcHYjH4eTDfA==/com.pat33.SmartExpenseTracker-qaPChqIbJwC8NwF2S-qLIw==/base.apk!libreactnative.so (offset 0x4074000) (facebook::react::Task::execute(facebook::jsi::Runtime&, bool)+313) (BuildId: 3b78676f1c1ed8c9)
07-06 01:01:15.519  6488  6488 F DEBUG   :       #22 pc 00000000004ec928  /data/app/~~66UPAKLFdaKcHYjH4eTDfA==/com.pat33.SmartExpenseTracker-qaPChqIbJwC8NwF2S-qLIw==/base.apk!libreactnative.so (offset 0x4074000) (facebook::react::RuntimeScheduler_Modern::executeTask(facebook::jsi::Runtime&, facebook::react::Task&, bool) const+56) (BuildId: 3b78676f1c1ed8c9)
07-06 01:01:15.519  6488  6488 F DEBUG   :       #23 pc 00000000004ed2c0  /data/app/~~66UPAKLFdaKcHYjH4eTDfA==/com.pat33.SmartExpenseTracker-qaPChqIbJwC8NwF2S-qLIw==/base.apk!libreactnative.so (offset 0x4074000) (facebook::react::RuntimeScheduler_Modern::runEventLoopTick(facebook::jsi::Runtime&, facebook::react::Task&, std::__ndk1::chrono::time_point<std::__ndk1::chrono::steady_clock, std::__ndk1::chrono::duration<long long, std::__ndk1::ratio<1l, 1000000000l>>>)+128) (BuildId: 3b78676f1c1ed8c9)
07-06 01:01:15.519  6488  6488 F DEBUG   :       #24 pc 00000000004ecf2a  /data/app/~~66UPAKLFdaKcHYjH4eTDfA==/com.pat33.SmartExpenseTracker-qaPChqIbJwC8NwF2S-qLIw==/base.apk!libreactnative.so (offset 0x4074000) (facebook::react::RuntimeScheduler_Modern::runEventLoop(facebook::jsi::Runtime&, bool)+154) (BuildId: 3b78676f1c1ed8c9)
07-06 01:01:15.519  6488  6488 F DEBUG   :       #25 pc 000000000032c134  /data/app/~~66UPAKLFdaKcHYjH4eTDfA==/com.pat33.SmartExpenseTracker-qaPChqIbJwC8NwF2S-qLIw==/base.apk!libreactnative.so (offset 0x4074000) (BuildId: 3b78676f1c1ed8c9)
07-06 01:01:15.519  6488  6488 F DEBUG   :       #26 pc 000000000052c69d  /data/app/~~66UPAKLFdaKcHYjH4eTDfA==/com.pat33.SmartExpenseTracker-qaPChqIbJwC8NwF2S-qLIw==/base.apk!libreactnative.so (offset 0x4074000) (BuildId: 3b78676f1c1ed8c9)
07-06 01:01:15.519  6488  6488 F DEBUG   :       #27 pc 0000000000017202  /data/app/~~66UPAKLFdaKcHYjH4eTDfA==/com.pat33.SmartExpenseTracker-qaPChqIbJwC8NwF2S-qLIw==/base.apk!libfbjni.so (offset 0x3ae8000) (facebook::jni::detail::MethodWrapper<void (facebook::jni::JNativeRunnable::*)(), &facebook::jni::JNativeRunnable::run(), facebook::jni::JNativeRunnable, void>::dispatch(facebook::jni::alias_ref<facebook::jni::detail::JTypeFor<facebook::jni::HybridClass<facebook::jni::JNativeRunnable, facebook::jni::JRunnable>::JavaPart, facebook::jni::JRunnable, void>::_javaobject*>)+66) (BuildId: 2f4b0da170c8a1af5bf245a5dba7c30a6974f2f2)
07-06 01:01:15.519  6488  6488 F DEBUG   :       #28 pc 0000000000017143  /data/app/~~66UPAKLFdaKcHYjH4eTDfA==/com.pat33.SmartExpenseTracker-qaPChqIbJwC8NwF2S-qLIw==/base.apk!libfbjni.so (offset 0x3ae8000) (facebook::jni::detail::FunctionWrapper<void (*)(facebook::jni::alias_ref<facebook::jni::detail::JTypeFor<facebook::jni::HybridClass<facebook::jni::JNativeRunnable, facebook::jni::JRunnable>::JavaPart, facebook::jni::JRunnable, void>::_javaobject*>), facebook::jni::detail::JTypeFor<facebook::jni::HybridClass<facebook::jni::JNativeRunnable, facebook::jni::JRunnable>::JavaPart, facebook::jni::JRunnable, void>::_javaobject*, void>::call(_JNIEnv*, _jobject*, void (*)(facebook::jni::alias_ref<facebook::jni::detail::JTypeFor<facebook::jni::HybridClass<facebook::jni::JNativeRunnable, facebook::jni::JRunnable>::JavaPart, facebook::jni::JRunnable, void>::_javaobject*>))+51) (BuildId: 2f4b0da170c8a1af5bf245a5dba7c30a6974f2f2)
07-06 01:01:15.519  6488  6488 F DEBUG   :       #29 pc 00000000002de893  /system/framework/x86_64/boot.oat (art_jni_trampoline+131) (BuildId: 9083d3c301e7d514bb074e4d021820fc53775ff6)
07-06 01:01:15.519  6488  6488 F DEBUG   :       #30 pc 00000000004e44cc  /system/framework/x86_64/boot-framework.oat (android.os.Handler.dispatchMessage+76) (BuildId: cab483f4fac019f56940298765ac90293c43245d)
07-06 01:01:15.519  6488  6488 F DEBUG   :       #31 pc 00000000002097ed  /apex/com.android.art/lib64/libart.so (nterp_helper+3837) (BuildId: e14bfa0cec1c4f196bc6c94a34282478)
07-06 01:01:15.519  6488  6488 F DEBUG   :       #32 pc 00000000003aad0a  /data/app/~~66UPAKLFdaKcHYjH4eTDfA==/com.pat33.SmartExpenseTracker-qaPChqIbJwC8NwF2S-qLIw==/oat/x86_64/base.vdex (com.facebook.react.bridge.queue.MessageQueueThreadHandler.dispatchMessage+10)
07-06 01:01:15.519  6488  6488 F DEBUG   :       #33 pc 000000000051ab05  /system/framework/x86_64/boot-framework.oat (android.os.Looper.loopOnce+1109) (BuildId: cab483f4fac019f56940298765ac90293c43245d)
07-06 01:01:15.519  6488  6488 F DEBUG   :       #34 pc 000000000051a5fb  /system/framework/x86_64/boot-framework.oat (android.os.Looper.loop+235) (BuildId: cab483f4fac019f56940298765ac90293c43245d)
07-06 01:01:15.519  6488  6488 F DEBUG   :       #35 pc 0000000000208995  /apex/com.android.art/lib64/libart.so (nterp_helper+165) (BuildId: e14bfa0cec1c4f196bc6c94a34282478)
07-06 01:01:15.520  6488  6488 F DEBUG   :       #36 pc 00000000003ab080  /data/app/~~66UPAKLFdaKcHYjH4eTDfA==/com.pat33.SmartExpenseTracker-qaPChqIbJwC8NwF2S-qLIw==/oat/x86_64/base.vdex (com.facebook.react.bridge.queue.MessageQueueThreadImpl$Companion.startNewBackgroundThread$lambda$1+76)
07-06 01:01:15.520  6488  6488 F DEBUG   :       #37 pc 0000000000208928  /apex/com.android.art/lib64/libart.so (nterp_helper+56) (BuildId: e14bfa0cec1c4f196bc6c94a34282478)
07-06 01:01:15.520  6488  6488 F DEBUG   :       #38 pc 00000000003aafb4  /data/app/~~66UPAKLFdaKcHYjH4eTDfA==/com.pat33.SmartExpenseTracker-qaPChqIbJwC8NwF2S-qLIw==/oat/x86_64/base.vdex (com.facebook.react.bridge.queue.MessageQueueThreadImpl$Companion.$r8$lambda$ldnZnqelhYFctGaUKkOKYj5rxo4+0)
07-06 01:01:15.520  6488  6488 F DEBUG   :       #39 pc 0000000000208928  /apex/com.android.art/lib64/libart.so (nterp_helper+56) (BuildId: e14bfa0cec1c4f196bc6c94a34282478)
07-06 01:01:15.520  6488  6488 F DEBUG   :       #40 pc 00000000003aadd8  /data/app/~~66UPAKLFdaKcHYjH4eTDfA==/com.pat33.SmartExpenseTracker-qaPChqIbJwC8NwF2S-qLIw==/oat/x86_64/base.vdex (com.facebook.react.bridge.queue.MessageQueueThreadImpl$Companion$$ExternalSyntheticLambda0.run+4)
07-06 01:01:15.520  6488  6488 F DEBUG   :       #41 pc 00000000000a9f57  /system/framework/x86_64/boot.oat (java.lang.Thread.run+71) (BuildId: 9083d3c301e7d514bb074e4d021820fc53775ff6)
07-06 01:01:15.520  6488  6488 F DEBUG   :       #42 pc 0000000000211e94  /apex/com.android.art/lib64/libart.so (art_quick_invoke_stub+756) (BuildId: e14bfa0cec1c4f196bc6c94a34282478)
07-06 01:01:15.520  6488  6488 F DEBUG   :       #43 pc 00000000004621c5  /apex/com.android.art/lib64/libart.so (art::ArtMethod::Invoke(art::Thread*, unsigned int*, unsigned int, art::JValue*, char const*)+181) (BuildId: e14bfa0cec1c4f196bc6c94a34282478)
07-06 01:01:15.520  6488  6488 F DEBUG   :       #44 pc 00000000008f42ec  /apex/com.android.art/lib64/libart.so (art::Thread::CreateCallback(void*)+1388) (BuildId: e14bfa0cec1c4f196bc6c94a34282478)
07-06 01:01:15.520  6488  6488 F DEBUG   :       #45 pc 00000000008f3d78  /apex/com.android.art/lib64/libart.so (art::Thread::CreateCallbackWithUffdGc(void*)+8) (BuildId: e14bfa0cec1c4f196bc6c94a34282478)
07-06 01:01:15.520  6488  6488 F DEBUG   :       #46 pc 000000000007ac5f  /apex/com.android.runtime/lib64/bionic/libc.so (__pthread_start(void*)+63) (BuildId: fcb82240218d1473de1e3d2137c0be35)
07-06 01:01:15.520  6488  6488 F DEBUG   :       #47 pc 000000000006d94d  /apex/com.android.runtime/lib64/bionic/libc.so (__start_thread+61) (BuildId: fcb82240218d1473de1e3d2137c0be35)
07-06 01:01:15.540   286   286 E tombstoned: Tombstone written to: tombstone_10
07-06 01:01:15.541   691  6492 W ActivityTaskManager:   Force finishing activity com.pat33.SmartExpenseTracker/.MainActivity
07-06 01:01:15.541   691  6493 I DropBoxManagerService: add tag=data_app_native_crash isTagEnabled=true flags=0x2
07-06 01:01:15.543   956   997 V WindowManagerShell: Transition requested (#42): android.os.BinderProxy@955fb46 TransitionRequestInfo { type = CLOSE, triggerTask = TaskInfo{userId=0 taskId=59 effectiveUid=10217 displayId=0 isRunning=true baseIntent=Intent { act=android.intent.action.MAIN cat=[android.intent.category.LAUNCHER] flg=0x10200000 cmp=com.pat33.SmartExpenseTracker/.MainActivity } baseActivity=ComponentInfo{com.pat33.SmartExpenseTracker/com.pat33.SmartExpenseTracker.MainActivity} topActivity=ComponentInfo{com.pat33.SmartExpenseTracker/com.pat33.SmartExpenseTracker.MainActivity} origActivity=null realActivity=ComponentInfo{com.pat33.SmartExpenseTracker/com.pat33.SmartExpenseTracker.MainActivity} numActivities=1 lastActiveTime=1755099 supportsMultiWindow=true resizeMode=1 isResizeable=true minWidth=-1 minHeight=-1 defaultMinSize=220 token=WCT{android.window.IWindowContainerToken$Stub$Proxy@a4f8107} topActivityType=1 pictureInPictureParams=null shouldDockBigOverlays=false launchIntoPipHostTaskId=-1 lastParentTaskIdBeforePip=-1 displayCutoutSafeInsets=Rect(0, 0 - 0, 0) topActivityInfo=ActivityInfo{f944234 com.pat33.SmartExpenseTracker.MainActivity} launchCookies=[android.os.BinderProxy@5e749d4] positionInParent=Point(0, 0) parentTaskId=-1 isFocused=true isVisible=true isVisibleRequested=true isTopActivityNoDisplay=false isSleeping=false locusId=null displayAreaFeatureId=1 isTopActivityTransparent=false isActivityStackTransparent=false lastNonFullscreenBounds=Rect(329, 830 - 952, 2110) capturedLink=null capturedLinkTimestamp=0 requestedVisibleTypes=-9 topActivityRequestOpenInBrowserEducationTimestamp=0 appCompatTaskInfo=AppCompatTaskInfo { topActivityInSizeCompat=false eligibleForLetterboxEducation= false isLetterboxEducationEnabled= true isLetterboxDoubleTapEnabled= false eligibleForUserAspectRatioButton= false topActivityBoundsLetterboxed= false isFromLetterboxDoubleTap= false topActivityLetterboxVerticalPosition= -1 topActivityLetterboxHorizontalPosition= -1 topActivityLetterboxWidth=-1 topActivityLetterboxHeight=-1 topActivityAppBounds=Rect(0, 0 - 1280, 2856) isUserFullscreenOverrideEnabled=false isSystemFullscreenOverrideEnabled=false hasMinAspectRatioOverride=false topActivityLetterboxBounds=null cameraCompatTaskInfo=CameraCompatTaskInfo { freeformCameraCompatMode=inactive}} topActivityMainWindowFrame=null}, pipChange = null, remoteTransition = null, displayChange = null, flags = 16, debugId = 42 }
07-06 01:01:15.544   535  1109 I BpBinder: onLastStrongRef automatically unlinking death recipients: 
07-06 01:01:15.546  6450  6450 W unknown:BridgelessReact: ReactHost{0}.onHostPause(activity)
07-06 01:01:15.546  6450  6450 W unknown:BridgelessReact: ReactContext.onHostPause()
07-06 01:01:15.547   691   792 I DropBoxManagerService: add tag=SYSTEM_TOMBSTONE_PROTO_WITH_HEADERS isTagEnabled=true flags=0x4
07-06 01:01:15.548   691   912 D BackgroundInstallControlService: Package event received: 0
07-06 01:01:15.550  1116  1116 D ViewRootImpl: Skipping stats log for color mode
07-06 01:01:15.551   691   912 D BackgroundInstallControlService: Package event received: 0
07-06 01:01:15.551  1116  1116 D StatsLog: LAUNCHER_ONRESUME
07-06 01:01:15.551   691   912 D BackgroundInstallControlService: Package event received: 0
07-06 01:01:15.552   956   997 D WindowManagerShell: setLauncherKeepClearAreaHeight: visible=true, height=603
07-06 01:01:15.553   535   535 I BpBinder: onLastStrongRef automatically unlinking death recipients: 
